{"level":"info","message":"FORTRESS LIVE ON PORT 3000","module":"Bootstrap","service":"affinity-echo-api","timestamp":"2025-11-14T11:40:24.529Z"}
{"level":"info","message":"SWAGGER → http://localhost:3000/docs","module":"Bootstrap","service":"affinity-echo-api","timestamp":"2025-11-14T11:40:24.544Z"}
{"level":"info","message":"HEALTH  → http://localhost:3000/health","module":"Bootstrap","service":"affinity-echo-api","timestamp":"2025-11-14T11:40:24.545Z"}
{"ip":"::1","level":"info","message":"Rate limit key generated","path":"/","service":"affinity-echo-api","timestamp":"2025-11-14T11:40:45.521Z"}
{"ip":"::1","level":"info","message":"Incoming request","method":"GET","service":"affinity-echo-api","timestamp":"2025-11-14T11:40:45.553Z","url":"/health","userAgent":"Mozilla/5.0 (Windows NT 10.0; Win64; x64) AppleWebKit/537.36 (KHTML, like Gecko) Chrome/142.0.0.0 Safari/537.36 Edg/142.0.0.0","userId":null}
{"duration":"16ms","ip":"::1","level":"info","message":"Request completed","method":"GET","service":"affinity-echo-api","statusCode":200,"timestamp":"2025-11-14T11:40:45.569Z","url":"/health"}
{"ip":"::1","level":"info","message":"Rate limit key generated","path":"/","service":"affinity-echo-api","timestamp":"2025-11-14T11:41:20.143Z"}
{"body":{"email":"test@example.com","password":"***","username":"BraveLeader42"},"ip":"::1","level":"info","message":"Incoming request","method":"POST","service":"affinity-echo-api","timestamp":"2025-11-14T11:41:20.151Z","url":"/auth/signup","userAgent":"Mozilla/5.0 (Windows NT 10.0; Win64; x64) AppleWebKit/537.36 (KHTML, like Gecko) Chrome/142.0.0.0 Safari/537.36 Edg/142.0.0.0","userId":null}
{"email":"test@example.com","level":"info","message":"Signup attempt","service":"affinity-echo-api","timestamp":"2025-11-14T11:41:20.183Z","username":"BraveLeader42"}
{"email":"test@example.com","error":"Email address \"test@example.com\" is invalid","level":"warn","message":"Signup failed via Supabase","service":"affinity-echo-api","timestamp":"2025-11-14T11:41:22.518Z"}
{"level":"warn","message":"Client Error Email address \"test@example.com\" is invalid","method":"POST","path":"/auth/signup","service":"affinity-echo-api","statusCode":400,"timestamp":"2025-11-14T11:41:22.523Z"}
{"level":"info","message":"FORTRESS LIVE ON PORT 3000","module":"Bootstrap","service":"affinity-echo-api","timestamp":"2025-11-14T11:47:04.132Z"}
{"level":"info","message":"SWAGGER → http://localhost:3000/docs","module":"Bootstrap","service":"affinity-echo-api","timestamp":"2025-11-14T11:47:04.136Z"}
{"level":"info","message":"HEALTH  → http://localhost:3000/health","module":"Bootstrap","service":"affinity-echo-api","timestamp":"2025-11-14T11:47:04.137Z"}
{"level":"info","message":"FORTRESS LIVE ON PORT 3000","module":"Bootstrap","service":"affinity-echo-api","timestamp":"2025-11-14T11:51:00.390Z"}
{"level":"info","message":"SWAGGER → http://localhost:3000/docs","module":"Bootstrap","service":"affinity-echo-api","timestamp":"2025-11-14T11:51:00.396Z"}
{"level":"info","message":"HEALTH  → http://localhost:3000/health","module":"Bootstrap","service":"affinity-echo-api","timestamp":"2025-11-14T11:51:00.398Z"}
{"ip":"::1","level":"info","message":"Rate limit key generated","path":"/","service":"affinity-echo-api","timestamp":"2025-11-14T11:51:20.731Z"}
{"body":{"email":"test@test.com","password":"***","username":"BraveLeader42"},"ip":"::1","level":"info","message":"Incoming request","method":"POST","service":"affinity-echo-api","timestamp":"2025-11-14T11:51:20.749Z","url":"/auth/signup","userAgent":"Mozilla/5.0 (Windows NT 10.0; Win64; x64) AppleWebKit/537.36 (KHTML, like Gecko) Chrome/142.0.0.0 Safari/537.36 Edg/142.0.0.0","userId":null}
{"email":"test@test.com","level":"info","message":"Signup attempt","service":"affinity-echo-api","timestamp":"2025-11-14T11:51:20.963Z","username":"BraveLeader42"}
{"email":"test@test.com","error":"Email address \"test@test.com\" is invalid","errorCode":"email_address_invalid","level":"warn","message":"Signup failed via Supabase","service":"affinity-echo-api","timestamp":"2025-11-14T11:51:23.764Z"}
{"level":"warn","message":"Client Error Please use a valid email address format (e.g., user@example.com)","method":"POST","path":"/auth/signup","service":"affinity-echo-api","statusCode":400,"timestamp":"2025-11-14T11:51:23.766Z"}
{"ip":"::1","level":"info","message":"Rate limit key generated","path":"/","service":"affinity-echo-api","timestamp":"2025-11-14T11:51:53.394Z"}
{"body":{"email":"user@example.com","password":"***","username":"BraveLeader42"},"ip":"::1","level":"info","message":"Incoming request","method":"POST","service":"affinity-echo-api","timestamp":"2025-11-14T11:51:53.409Z","url":"/auth/signup","userAgent":"Mozilla/5.0 (Windows NT 10.0; Win64; x64) AppleWebKit/537.36 (KHTML, like Gecko) Chrome/142.0.0.0 Safari/537.36 Edg/142.0.0.0","userId":null}
{"email":"user@example.com","level":"info","message":"Signup attempt","service":"affinity-echo-api","timestamp":"2025-11-14T11:51:53.418Z","username":"BraveLeader42"}
{"level":"info","message":"Creating user profile","service":"affinity-echo-api","timestamp":"2025-11-14T11:51:54.829Z","userId":"7c08d778-c0f0-4a02-9e90-b6b17f3dc891","username":"BraveLeader42"}
{"error":"new row violates row-level security policy for table \"user_profiles\"","errorCode":"42501","level":"error","message":"Failed to create profile","service":"affinity-echo-api","timestamp":"2025-11-14T11:51:55.149Z","userId":"7c08d778-c0f0-4a02-9e90-b6b17f3dc891"}
{"error":"Profile creation failed: new row violates row-level security policy for table \"user_profiles\"","level":"error","message":"Unexpected error during profile creation","service":"affinity-echo-api","timestamp":"2025-11-14T11:51:55.153Z","userId":"7c08d778-c0f0-4a02-9e90-b6b17f3dc891"}
{"email":"user@example.com","level":"info","message":"Signup successful","service":"affinity-echo-api","timestamp":"2025-11-14T11:51:55.156Z","userId":"7c08d778-c0f0-4a02-9e90-b6b17f3dc891","username":"BraveLeader42"}
{"duration":"1751ms","ip":"::1","level":"info","message":"Request completed","method":"POST","service":"affinity-echo-api","statusCode":201,"timestamp":"2025-11-14T11:51:55.160Z","url":"/auth/signup"}
{"ip":"::1","level":"info","message":"Rate limit key generated","path":"/","service":"affinity-echo-api","timestamp":"2025-11-14T11:54:26.419Z"}
{"body":{"email":"test@test.com","password":"***","username":"TestUser123"},"ip":"::1","level":"info","message":"Incoming request","method":"POST","service":"affinity-echo-api","timestamp":"2025-11-14T11:54:26.423Z","url":"/auth/signup","userAgent":"Mozilla/5.0 (Windows NT 10.0; Win64; x64) AppleWebKit/537.36 (KHTML, like Gecko) Chrome/142.0.0.0 Safari/537.36 Edg/142.0.0.0","userId":null}
{"email":"test@test.com","level":"info","message":"Signup attempt","service":"affinity-echo-api","timestamp":"2025-11-14T11:54:26.468Z","username":"TestUser123"}
{"email":"test@test.com","error":"Email address \"test@test.com\" is invalid","errorCode":"email_address_invalid","level":"warn","message":"Signup failed via Supabase","service":"affinity-echo-api","timestamp":"2025-11-14T11:54:27.784Z"}
{"level":"warn","message":"Client Error Please use a valid email address format (e.g., user@example.com)","method":"POST","path":"/auth/signup","service":"affinity-echo-api","statusCode":400,"timestamp":"2025-11-14T11:54:27.785Z"}
{"level":"info","message":"FORTRESS LIVE ON PORT 3000","module":"Bootstrap","service":"affinity-echo-api","timestamp":"2025-11-14T12:12:11.186Z"}
{"level":"info","message":"SWAGGER → http://localhost:3000/docs","module":"Bootstrap","service":"affinity-echo-api","timestamp":"2025-11-14T12:12:11.203Z"}
{"level":"info","message":"HEALTH  → http://localhost:3000/health","module":"Bootstrap","service":"affinity-echo-api","timestamp":"2025-11-14T12:12:11.206Z"}
{"ip":"::1","level":"info","message":"Rate limit key generated","path":"/","service":"affinity-echo-api","timestamp":"2025-11-14T12:18:45.899Z"}
{"level":"warn","message":"Client Error Unauthorized","method":"GET","path":"/auth/session","service":"affinity-echo-api","statusCode":401,"timestamp":"2025-11-14T12:18:45.909Z"}
{"ip":"::1","level":"info","message":"Rate limit key generated","path":"/","service":"affinity-echo-api","timestamp":"2025-11-14T12:19:14.339Z"}
{"body":{"email":"test@test.com","password":"***","username":"TestUser123"},"ip":"::1","level":"info","message":"Incoming request","method":"POST","service":"affinity-echo-api","timestamp":"2025-11-14T12:19:14.350Z","url":"/auth/signup","userAgent":"Mozilla/5.0 (Windows NT 10.0; Win64; x64) AppleWebKit/537.36 (KHTML, like Gecko) Chrome/142.0.0.0 Safari/537.36 Edg/142.0.0.0","userId":null}
{"email":"test@test.com","level":"info","message":"Signup attempt","service":"affinity-echo-api","timestamp":"2025-11-14T12:19:14.407Z","username":"TestUser123"}
{"email":"test@test.com","error":"Email address \"test@test.com\" is invalid","errorCode":"email_address_invalid","level":"warn","message":"Signup failed via Supabase","service":"affinity-echo-api","timestamp":"2025-11-14T12:19:17.326Z"}
{"level":"warn","message":"Client Error Please use a valid email address format (e.g., user@example.com)","method":"POST","path":"/auth/signup","service":"affinity-echo-api","statusCode":400,"timestamp":"2025-11-14T12:19:17.332Z"}
{"ip":"::1","level":"info","message":"Rate limit key generated","path":"/","service":"affinity-echo-api","timestamp":"2025-11-14T12:20:17.203Z"}
{"body":{"email":"adminokestra@yopmail.com","password":"***","username":"TestUser123"},"ip":"::1","level":"info","message":"Incoming request","method":"POST","service":"affinity-echo-api","timestamp":"2025-11-14T12:20:17.204Z","url":"/auth/signup","userAgent":"Mozilla/5.0 (Windows NT 10.0; Win64; x64) AppleWebKit/537.36 (KHTML, like Gecko) Chrome/142.0.0.0 Safari/537.36 Edg/142.0.0.0","userId":null}
{"email":"adminokestra@yopmail.com","level":"info","message":"Signup attempt","service":"affinity-echo-api","timestamp":"2025-11-14T12:20:17.208Z","username":"TestUser123"}
{"level":"info","message":"Creating user profile","service":"affinity-echo-api","timestamp":"2025-11-14T12:20:19.090Z","userId":"390442d2-502b-436b-ba71-48301b36190a","username":"TestUser123"}
{"detail":null,"error":"new row violates row-level security policy for table \"user_profiles\"","errorCode":"42501","level":"error","message":"Failed to create profile","service":"affinity-echo-api","timestamp":"2025-11-14T12:20:19.594Z","userId":"390442d2-502b-436b-ba71-48301b36190a"}
{"email":"adminokestra@yopmail.com","level":"info","message":"Signup successful","profileCreated":false,"service":"affinity-echo-api","timestamp":"2025-11-14T12:20:19.595Z","userId":"390442d2-502b-436b-ba71-48301b36190a","username":"TestUser123"}
{"duration":"2393ms","ip":"::1","level":"info","message":"Request completed","method":"POST","service":"affinity-echo-api","statusCode":201,"timestamp":"2025-11-14T12:20:19.597Z","url":"/auth/signup"}
{"ip":"::1","level":"info","message":"Rate limit key generated","path":"/","service":"affinity-echo-api","timestamp":"2025-11-14T12:32:39.084Z"}
{"body":{"email":"adminokestra@yopmail.com","password":"***","username":"TestUser123"},"ip":"::1","level":"info","message":"Incoming request","method":"POST","service":"affinity-echo-api","timestamp":"2025-11-14T12:32:39.086Z","url":"/auth/signup","userAgent":"Mozilla/5.0 (Windows NT 10.0; Win64; x64) AppleWebKit/537.36 (KHTML, like Gecko) Chrome/142.0.0.0 Safari/537.36 Edg/142.0.0.0","userId":null}
{"email":"adminokestra@yopmail.com","level":"info","message":"Signup attempt","service":"affinity-echo-api","timestamp":"2025-11-14T12:32:39.088Z","username":"TestUser123"}
{"level":"info","message":"Creating user profile","service":"affinity-echo-api","timestamp":"2025-11-14T12:32:41.301Z","userId":"390442d2-502b-436b-ba71-48301b36190a","username":"TestUser123"}
{"detail":null,"error":"new row violates row-level security policy for table \"user_profiles\"","errorCode":"42501","level":"error","message":"Failed to create profile","service":"affinity-echo-api","timestamp":"2025-11-14T12:32:41.636Z","userId":"390442d2-502b-436b-ba71-48301b36190a"}
{"email":"adminokestra@yopmail.com","level":"info","message":"Signup successful","profileCreated":false,"service":"affinity-echo-api","timestamp":"2025-11-14T12:32:41.639Z","userId":"390442d2-502b-436b-ba71-48301b36190a","username":"TestUser123"}
{"duration":"2561ms","ip":"::1","level":"info","message":"Request completed","method":"POST","service":"affinity-echo-api","statusCode":201,"timestamp":"2025-11-14T12:32:41.647Z","url":"/auth/signup"}
{"level":"info","message":"FORTRESS LIVE ON PORT 3000","module":"Bootstrap","service":"affinity-echo-api","timestamp":"2025-11-14T12:38:23.705Z"}
{"level":"info","message":"SWAGGER → http://localhost:3000/docs","module":"Bootstrap","service":"affinity-echo-api","timestamp":"2025-11-14T12:38:23.712Z"}
{"level":"info","message":"HEALTH  → http://localhost:3000/health","module":"Bootstrap","service":"affinity-echo-api","timestamp":"2025-11-14T12:38:23.714Z"}
{"ip":"::1","level":"info","message":"Rate limit key generated","path":"/","service":"affinity-echo-api","timestamp":"2025-11-14T12:46:37.834Z"}
{"body":{"email":"adminokestra@yopmail.com","password":"***","username":"TestUser123"},"ip":"::1","level":"info","message":"Incoming request","method":"POST","service":"affinity-echo-api","timestamp":"2025-11-14T12:46:37.849Z","url":"/auth/signup","userAgent":"Mozilla/5.0 (Windows NT 10.0; Win64; x64) AppleWebKit/537.36 (KHTML, like Gecko) Chrome/142.0.0.0 Safari/537.36 Edg/142.0.0.0","userId":null}
{"email":"adminokestra@yopmail.com","level":"info","message":"Signup attempt","service":"affinity-echo-api","timestamp":"2025-11-14T12:46:37.877Z","username":"TestUser123"}
{"level":"info","message":"Creating user profile","service":"affinity-echo-api","timestamp":"2025-11-14T12:46:39.992Z","userId":"390442d2-502b-436b-ba71-48301b36190a","username":"TestUser123"}
{"detail":null,"error":"new row violates row-level security policy for table \"user_profiles\"","errorCode":"42501","level":"error","message":"Failed to create profile","service":"affinity-echo-api","timestamp":"2025-11-14T12:46:40.341Z","userId":"390442d2-502b-436b-ba71-48301b36190a"}
{"email":"adminokestra@yopmail.com","level":"info","message":"Signup successful","profileCreated":false,"service":"affinity-echo-api","timestamp":"2025-11-14T12:46:40.346Z","userId":"390442d2-502b-436b-ba71-48301b36190a","username":"TestUser123"}
{"duration":"2501ms","ip":"::1","level":"info","message":"Request completed","method":"POST","service":"affinity-echo-api","statusCode":201,"timestamp":"2025-11-14T12:46:40.351Z","url":"/auth/signup"}
{"level":"info","message":"FORTRESS LIVE ON PORT 3000","module":"Bootstrap","service":"affinity-echo-api","timestamp":"2025-11-14T12:49:22.901Z"}
{"level":"info","message":"SWAGGER → http://localhost:3000/docs","module":"Bootstrap","service":"affinity-echo-api","timestamp":"2025-11-14T12:49:22.908Z"}
{"level":"info","message":"HEALTH  → http://localhost:3000/health","module":"Bootstrap","service":"affinity-echo-api","timestamp":"2025-11-14T12:49:22.911Z"}
{"level":"info","message":"FORTRESS LIVE ON PORT 3000","module":"Bootstrap","service":"affinity-echo-api","timestamp":"2025-11-14T13:01:54.179Z"}
{"level":"info","message":"SWAGGER → http://localhost:3000/docs","module":"Bootstrap","service":"affinity-echo-api","timestamp":"2025-11-14T13:01:54.184Z"}
{"level":"info","message":"HEALTH  → http://localhost:3000/health","module":"Bootstrap","service":"affinity-echo-api","timestamp":"2025-11-14T13:01:54.185Z"}
{"ip":"::1","level":"info","message":"Rate limit key generated","path":"/","service":"affinity-echo-api","timestamp":"2025-11-14T13:02:21.721Z"}
{"body":{"email":"adminokestra@yopmail.com","password":"***","username":"TestUser123"},"ip":"::1","level":"info","message":"Incoming request","method":"POST","service":"affinity-echo-api","timestamp":"2025-11-14T13:02:21.725Z","url":"/auth/signup","userAgent":"Mozilla/5.0 (Windows NT 10.0; Win64; x64) AppleWebKit/537.36 (KHTML, like Gecko) Chrome/142.0.0.0 Safari/537.36 Edg/142.0.0.0","userId":null}
{"email":"adminokestra@yopmail.com","level":"info","message":"Signup attempt","service":"affinity-echo-api","timestamp":"2025-11-14T13:02:21.737Z","username":"TestUser123"}
{"level":"info","message":"Creating user profile","service":"affinity-echo-api","timestamp":"2025-11-14T13:02:24.437Z","userId":"390442d2-502b-436b-ba71-48301b36190a","username":"TestUser123"}
{"error":"Invalid API key","errorHint":"Double check your Supabase `anon` or `service_role` API key.","level":"error","message":"Failed to create profile - Full error details","service":"affinity-echo-api","timestamp":"2025-11-14T13:02:24.619Z","userId":"390442d2-502b-436b-ba71-48301b36190a","username":"TestUser123"}
{"email":"adminokestra@yopmail.com","level":"info","message":"Signup successful","profileCreated":false,"service":"affinity-echo-api","timestamp":"2025-11-14T13:02:24.622Z","userId":"390442d2-502b-436b-ba71-48301b36190a","username":"TestUser123"}
{"duration":"2900ms","ip":"::1","level":"info","message":"Request completed","method":"POST","service":"affinity-echo-api","statusCode":201,"timestamp":"2025-11-14T13:02:24.625Z","url":"/auth/signup"}
{"level":"info","message":"FORTRESS LIVE ON PORT 3000","module":"Bootstrap","service":"affinity-echo-api","timestamp":"2025-11-14T13:05:19.164Z"}
{"level":"info","message":"SWAGGER → http://localhost:3000/docs","module":"Bootstrap","service":"affinity-echo-api","timestamp":"2025-11-14T13:05:19.168Z"}
{"level":"info","message":"HEALTH  → http://localhost:3000/health","module":"Bootstrap","service":"affinity-echo-api","timestamp":"2025-11-14T13:05:19.170Z"}
{"ip":"::1","level":"info","message":"Rate limit key generated","path":"/","service":"affinity-echo-api","timestamp":"2025-11-14T13:06:08.421Z"}
{"body":{"email":"adminokestra@yopmail.com","password":"***","username":"TestUser123"},"ip":"::1","level":"info","message":"Incoming request","method":"POST","service":"affinity-echo-api","timestamp":"2025-11-14T13:06:08.426Z","url":"/auth/signup","userAgent":"Mozilla/5.0 (Windows NT 10.0; Win64; x64) AppleWebKit/537.36 (KHTML, like Gecko) Chrome/142.0.0.0 Safari/537.36 Edg/142.0.0.0","userId":null}
{"email":"adminokestra@yopmail.com","level":"info","message":"Signup attempt","service":"affinity-echo-api","timestamp":"2025-11-14T13:06:08.442Z","username":"TestUser123"}
{"level":"info","message":"Creating user profile","service":"affinity-echo-api","timestamp":"2025-11-14T13:06:10.165Z","userId":"390442d2-502b-436b-ba71-48301b36190a","username":"TestUser123"}
{"adminType":"object","hasAdmin":true,"level":"info","message":"Admin client check","service":"affinity-echo-api","timestamp":"2025-11-14T13:06:10.167Z"}
{"level":"info","message":"Attempting to insert profile","profileData":{"avatar":"User","created_at":"2025-11-14T13:06:10.170Z","id":"390442d2-502b-436b-ba71-48301b36190a","last_active_at":"2025-11-14T13:06:10.170Z","privacy_level":"anonymous","updated_at":"2025-11-14T13:06:10.170Z","username":"TestUser123"},"service":"affinity-echo-api","timestamp":"2025-11-14T13:06:10.170Z"}
{"errorHint":"Double check your Supabase `anon` or `service_role` API key.","errorMessage":"Invalid API key","fullError":"{\n  \"message\": \"Invalid API key\",\n  \"hint\": \"Double check your Supabase `anon` or `service_role` API key.\"\n}","level":"error","message":"Failed to create profile - Full error details","service":"affinity-echo-api","timestamp":"2025-11-14T13:06:10.382Z","userId":"390442d2-502b-436b-ba71-48301b36190a","username":"TestUser123"}
{"email":"adminokestra@yopmail.com","level":"info","message":"Signup successful","profileCreated":false,"service":"affinity-echo-api","timestamp":"2025-11-14T13:06:10.392Z","userId":"390442d2-502b-436b-ba71-48301b36190a","username":"TestUser123"}
{"duration":"1970ms","ip":"::1","level":"info","message":"Request completed","method":"POST","service":"affinity-echo-api","statusCode":201,"timestamp":"2025-11-14T13:06:10.396Z","url":"/auth/signup"}
{"level":"info","message":"FORTRESS LIVE ON PORT 3000","module":"Bootstrap","service":"affinity-echo-api","timestamp":"2025-11-14T13:15:59.110Z"}
{"level":"info","message":"SWAGGER → http://localhost:3000/docs","module":"Bootstrap","service":"affinity-echo-api","timestamp":"2025-11-14T13:15:59.114Z"}
{"level":"info","message":"HEALTH  → http://localhost:3000/health","module":"Bootstrap","service":"affinity-echo-api","timestamp":"2025-11-14T13:15:59.117Z"}
{"ip":"::1","level":"info","message":"Rate limit key generated","path":"/","service":"affinity-echo-api","timestamp":"2025-11-14T13:16:23.274Z"}
{"body":{"email":"adminokestra@yopmail.com","password":"***","username":"TestUser123"},"ip":"::1","level":"info","message":"Incoming request","method":"POST","service":"affinity-echo-api","timestamp":"2025-11-14T13:16:23.281Z","url":"/auth/signup","userAgent":"Mozilla/5.0 (Windows NT 10.0; Win64; x64) AppleWebKit/537.36 (KHTML, like Gecko) Chrome/142.0.0.0 Safari/537.36 Edg/142.0.0.0","userId":null}
{"email":"adminokestra@yopmail.com","level":"info","message":"Signup attempt","service":"affinity-echo-api","timestamp":"2025-11-14T13:16:23.311Z","username":"TestUser123"}
{"level":"info","message":"Creating user profile","service":"affinity-echo-api","timestamp":"2025-11-14T13:16:25.478Z","userId":"390442d2-502b-436b-ba71-48301b36190a","username":"TestUser123"}
{"adminType":"object","hasAdmin":true,"level":"info","message":"Admin client check","service":"affinity-echo-api","timestamp":"2025-11-14T13:16:25.479Z"}
{"level":"info","message":"Attempting to insert profile","profileData":{"avatar":"User","created_at":"2025-11-14T13:16:25.480Z","id":"390442d2-502b-436b-ba71-48301b36190a","last_active_at":"2025-11-14T13:16:25.480Z","privacy_level":"anonymous","updated_at":"2025-11-14T13:16:25.480Z","username":"TestUser123"},"service":"affinity-echo-api","timestamp":"2025-11-14T13:16:25.480Z"}
{"level":"info","message":"Profile created successfully","service":"affinity-echo-api","timestamp":"2025-11-14T13:16:25.821Z","userId":"390442d2-502b-436b-ba71-48301b36190a","username":"TestUser123"}
{"email":"adminokestra@yopmail.com","level":"info","message":"Signup successful","profileCreated":true,"service":"affinity-echo-api","timestamp":"2025-11-14T13:16:25.822Z","userId":"390442d2-502b-436b-ba71-48301b36190a","username":"TestUser123"}
{"duration":"2543ms","ip":"::1","level":"info","message":"Request completed","method":"POST","service":"affinity-echo-api","statusCode":201,"timestamp":"2025-11-14T13:16:25.824Z","url":"/auth/signup"}
{"level":"info","message":"FORTRESS LIVE ON PORT 3000","module":"Bootstrap","service":"affinity-echo-api","timestamp":"2025-11-14T13:25:54.018Z"}
{"level":"info","message":"SWAGGER → http://localhost:3000/docs","module":"Bootstrap","service":"affinity-echo-api","timestamp":"2025-11-14T13:25:54.023Z"}
{"level":"info","message":"HEALTH  → http://localhost:3000/health","module":"Bootstrap","service":"affinity-echo-api","timestamp":"2025-11-14T13:25:54.025Z"}
{"level":"info","message":"FORTRESS LIVE ON PORT 3000","module":"Bootstrap","service":"affinity-echo-api","timestamp":"2025-11-14T13:31:14.858Z"}
{"level":"info","message":"SWAGGER → http://localhost:3000/docs","module":"Bootstrap","service":"affinity-echo-api","timestamp":"2025-11-14T13:31:14.861Z"}
{"level":"info","message":"HEALTH  → http://localhost:3000/health","module":"Bootstrap","service":"affinity-echo-api","timestamp":"2025-11-14T13:31:14.863Z"}
{"level":"info","message":"FORTRESS LIVE ON PORT 3000","module":"Bootstrap","service":"affinity-echo-api","timestamp":"2025-11-14T14:13:17.202Z"}
{"level":"info","message":"SWAGGER → http://localhost:3000/docs","module":"Bootstrap","service":"affinity-echo-api","timestamp":"2025-11-14T14:13:17.208Z"}
{"level":"info","message":"HEALTH  → http://localhost:3000/health","module":"Bootstrap","service":"affinity-echo-api","timestamp":"2025-11-14T14:13:17.209Z"}
{"level":"info","message":"FORTRESS LIVE ON PORT 3000","module":"Bootstrap","service":"affinity-echo-api","timestamp":"2025-11-14T14:48:31.799Z"}
{"level":"info","message":"SWAGGER → http://localhost:3000/docs","module":"Bootstrap","service":"affinity-echo-api","timestamp":"2025-11-14T14:48:31.811Z"}
{"level":"info","message":"HEALTH  → http://localhost:3000/health","module":"Bootstrap","service":"affinity-echo-api","timestamp":"2025-11-14T14:48:31.814Z"}
{"ip":"::1","level":"info","message":"Rate limit key generated","path":"/","service":"affinity-echo-api","timestamp":"2025-11-14T14:49:38.068Z"}
{"level":"warn","message":"Client Error No token provided","method":"GET","path":"/auth/session","service":"affinity-echo-api","statusCode":401,"timestamp":"2025-11-14T14:49:38.074Z"}
{"ip":"::1","level":"info","message":"Rate limit key generated","path":"/","service":"affinity-echo-api","timestamp":"2025-11-14T14:49:46.021Z"}
{"ip":"::1","level":"info","message":"Incoming request","method":"GET","service":"affinity-echo-api","timestamp":"2025-11-14T14:49:46.026Z","url":"/auth/health","userAgent":"Mozilla/5.0 (Windows NT 10.0; Win64; x64) AppleWebKit/537.36 (KHTML, like Gecko) Chrome/142.0.0.0 Safari/537.36 Edg/142.0.0.0","userId":null}
{"duration":"6ms","ip":"::1","level":"info","message":"Request completed","method":"GET","service":"affinity-echo-api","statusCode":200,"timestamp":"2025-11-14T14:49:46.032Z","url":"/auth/health"}
{"ip":"::1","level":"info","message":"Rate limit key generated","path":"/","service":"affinity-echo-api","timestamp":"2025-11-14T14:50:04.592Z"}
{"level":"warn","message":"Client Error No token provided","method":"GET","path":"/auth/onboarding/required","service":"affinity-echo-api","statusCode":401,"timestamp":"2025-11-14T14:50:04.593Z"}
{"ip":"::1","level":"info","message":"Rate limit key generated","path":"/","service":"affinity-echo-api","timestamp":"2025-11-14T14:51:00.445Z"}
{"body":{"email":"user@example.com","password":"***","username":"BraveLeader42"},"ip":"::1","level":"info","message":"Incoming request","method":"POST","service":"affinity-echo-api","timestamp":"2025-11-14T14:51:00.447Z","url":"/auth/signup","userAgent":"Mozilla/5.0 (Windows NT 10.0; Win64; x64) AppleWebKit/537.36 (KHTML, like Gecko) Chrome/142.0.0.0 Safari/537.36 Edg/142.0.0.0","userId":null}
{"email":"user@example.com","level":"info","message":"Signup attempt","service":"affinity-echo-api","timestamp":"2025-11-14T14:51:00.462Z","username":"BraveLeader42"}
{"level":"info","message":"Creating user profile","service":"affinity-echo-api","timestamp":"2025-11-14T14:51:02.821Z","userId":"f5623b1b-16f9-4527-9469-daaf154ca632","username":"BraveLeader42"}
{"level":"info","message":"Profile created successfully","service":"affinity-echo-api","timestamp":"2025-11-14T14:51:03.155Z","userId":"f5623b1b-16f9-4527-9469-daaf154ca632","username":"BraveLeader42"}
{"error":"ENOENT: no such file or directory, open 'E:\\codebase\\Personal\\Okestra\\AffinityEchoFrontend\\AffinityEcho\\AffinityEchoBackend\\affinity-echo-backend\\src\\common\\templates\\emails\\otp.ejs'","level":"error","message":"Failed to send email","service":"affinity-echo-api","subject":"Verify Your Account - Affinity Echo","timestamp":"2025-11-14T14:51:03.158Z","to":"user@example.com"}
{"email":"user@example.com","error":{"code":"ENOENT","errno":-4058,"path":"E:\\codebase\\Personal\\Okestra\\AffinityEchoFrontend\\AffinityEcho\\AffinityEchoBackend\\affinity-echo-backend\\src\\common\\templates\\emails\\otp.ejs","syscall":"open"},"level":"error","message":"Unexpected error during signup","service":"affinity-echo-api","timestamp":"2025-11-14T14:51:03.160Z"}
{"error":"InternalServerErrorException: Registration failed due to an unexpected error\n    at AuthService.signup (E:\\codebase\\Personal\\Okestra\\AffinityEchoFrontend\\AffinityEcho\\AffinityEchoBackend\\affinity-echo-backend\\src\\modules\\auth\\services\\auth.service.ts:246:13)\n    at processTicksAndRejections (node:internal/process/task_queues:105:5)","level":"error","message":"HTTP Exception Registration failed due to an unexpected error","method":"POST","path":"/auth/signup","service":"affinity-echo-api","statusCode":500,"timestamp":"2025-11-14T14:51:03.162Z"}
{"level":"info","message":"FORTRESS LIVE ON PORT 3000","module":"Bootstrap","service":"affinity-echo-api","timestamp":"2025-11-14T15:02:51.628Z"}
{"level":"info","message":"SWAGGER → http://localhost:3000/docs","module":"Bootstrap","service":"affinity-echo-api","timestamp":"2025-11-14T15:02:51.635Z"}
{"level":"info","message":"HEALTH  → http://localhost:3000/health","module":"Bootstrap","service":"affinity-echo-api","timestamp":"2025-11-14T15:02:51.639Z"}
{"ip":"::1","level":"info","message":"Rate limit key generated","path":"/","service":"affinity-echo-api","timestamp":"2025-11-14T15:04:42.964Z"}
{"body":{"email":"user@example.com","password":"***","username":"BraveLeader42"},"ip":"::1","level":"info","message":"Incoming request","method":"POST","service":"affinity-echo-api","timestamp":"2025-11-14T15:04:42.972Z","url":"/auth/signup","userAgent":"Mozilla/5.0 (Windows NT 10.0; Win64; x64) AppleWebKit/537.36 (KHTML, like Gecko) Chrome/142.0.0.0 Safari/537.36 Edg/142.0.0.0","userId":null}
{"email":"user@example.com","level":"info","message":"Signup attempt","service":"affinity-echo-api","timestamp":"2025-11-14T15:04:42.995Z","username":"BraveLeader42"}
{"level":"info","message":"Creating user profile","service":"affinity-echo-api","timestamp":"2025-11-14T15:04:45.184Z","userId":"9e86b59a-43c4-4783-a683-b19810b8bdb6","username":"BraveLeader42"}
{"errorCode":"23505","errorMessage":"duplicate key value violates unique constraint \"user_profiles_username_key\"","level":"error","message":"Failed to create profile - Full error details","service":"affinity-echo-api","timestamp":"2025-11-14T15:04:45.518Z","userId":"9e86b59a-43c4-4783-a683-b19810b8bdb6","username":"BraveLeader42"}
{"level":"warn","message":"Username already taken, generating new one","service":"affinity-echo-api","timestamp":"2025-11-14T15:04:45.521Z","userId":"9e86b59a-43c4-4783-a683-b19810b8bdb6","username":"BraveLeader42"}
{"level":"info","message":"Profile created with unique username","service":"affinity-echo-api","timestamp":"2025-11-14T15:04:45.816Z","userId":"9e86b59a-43c4-4783-a683-b19810b8bdb6","username":"BraveLeader42_685523326"}
{"error":"ENOENT: no such file or directory, open 'E:\\codebase\\Personal\\Okestra\\AffinityEchoFrontend\\AffinityEcho\\AffinityEchoBackend\\affinity-echo-backend\\src\\common\\templates\\emails\\otp.ejs'","level":"error","message":"Failed to send email","service":"affinity-echo-api","subject":"Verify Your Account - Affinity Echo","timestamp":"2025-11-14T15:04:45.820Z","to":"user@example.com"}
{"email":"user@example.com","error":{"code":"ENOENT","errno":-4058,"path":"E:\\codebase\\Personal\\Okestra\\AffinityEchoFrontend\\AffinityEcho\\AffinityEchoBackend\\affinity-echo-backend\\src\\common\\templates\\emails\\otp.ejs","syscall":"open"},"level":"error","message":"Unexpected error during signup","service":"affinity-echo-api","timestamp":"2025-11-14T15:04:45.821Z"}
{"error":"InternalServerErrorException: Registration failed due to an unexpected error\n    at AuthService.signup (E:\\codebase\\Personal\\Okestra\\AffinityEchoFrontend\\AffinityEcho\\AffinityEchoBackend\\affinity-echo-backend\\src\\modules\\auth\\services\\auth.service.ts:246:13)\n    at processTicksAndRejections (node:internal/process/task_queues:105:5)","level":"error","message":"HTTP Exception Registration failed due to an unexpected error","method":"POST","path":"/auth/signup","service":"affinity-echo-api","statusCode":500,"timestamp":"2025-11-14T15:04:45.823Z"}
{"ip":"::1","level":"info","message":"Rate limit key generated","path":"/","service":"affinity-echo-api","timestamp":"2025-11-14T15:08:02.575Z"}
{"ip":"::1","level":"info","message":"Incoming request","method":"GET","service":"affinity-echo-api","timestamp":"2025-11-14T15:08:02.577Z","url":"/auth/login/google","userAgent":"Mozilla/5.0 (Windows NT 10.0; Win64; x64) AppleWebKit/537.36 (KHTML, like Gecko) Chrome/142.0.0.0 Safari/537.36 Edg/142.0.0.0","userId":null}
{"level":"info","message":"Social login initiated","provider":"google","service":"affinity-echo-api","timestamp":"2025-11-14T15:08:02.579Z"}
{"level":"info","message":"Social login URL generated","provider":"google","service":"affinity-echo-api","timestamp":"2025-11-14T15:08:02.582Z","url":"https://glzwcbnlzsoljnzdsxgz.supabase.co/auth/v1/authorize?provider=google&redirect_to=http%3A%2F%2Flocalhost%3A5174%2Fauth%2Fcallback"}
{"duration":"8ms","ip":"::1","level":"info","message":"Request completed","method":"GET","service":"affinity-echo-api","statusCode":200,"timestamp":"2025-11-14T15:08:02.585Z","url":"/auth/login/google"}
{"ip":"::1","level":"info","message":"Rate limit key generated","path":"/","service":"affinity-echo-api","timestamp":"2025-11-14T15:09:07.480Z"}
{"body":{"email":"user@example.com","password":"***"},"ip":"::1","level":"info","message":"Incoming request","method":"POST","service":"affinity-echo-api","timestamp":"2025-11-14T15:09:07.482Z","url":"/auth/login","userAgent":"Mozilla/5.0 (Windows NT 10.0; Win64; x64) AppleWebKit/537.36 (KHTML, like Gecko) Chrome/142.0.0.0 Safari/537.36 Edg/142.0.0.0","userId":null}
{"email":"user@example.com","level":"info","message":"Login attempt","service":"affinity-echo-api","timestamp":"2025-11-14T15:09:07.485Z"}
{"email":"user@example.com","level":"info","message":"Ensuring profile exists","service":"affinity-echo-api","timestamp":"2025-11-14T15:09:08.484Z","userId":"d28033c9-a210-4d73-be1b-f6ce3fcc7680"}
{"level":"info","message":"Generated username","service":"affinity-echo-api","timestamp":"2025-11-14T15:09:08.813Z","username":"SmartVoice2298"}
{"level":"info","message":"Creating user profile","service":"affinity-echo-api","timestamp":"2025-11-14T15:09:08.814Z","userId":"d28033c9-a210-4d73-be1b-f6ce3fcc7680","username":"SmartVoice2298"}
{"level":"info","message":"Profile created successfully","service":"affinity-echo-api","timestamp":"2025-11-14T15:09:09.124Z","userId":"d28033c9-a210-4d73-be1b-f6ce3fcc7680","username":"SmartVoice2298"}
{"level":"info","message":"Auto-created profile during login","profileCreated":true,"service":"affinity-echo-api","timestamp":"2025-11-14T15:09:09.126Z","userId":"d28033c9-a210-4d73-be1b-f6ce3fcc7680","username":"SmartVoice2298"}
{"email":"user@example.com","level":"info","message":"Login successful","profileExists":true,"service":"affinity-echo-api","timestamp":"2025-11-14T15:09:09.127Z","userId":"d28033c9-a210-4d73-be1b-f6ce3fcc7680"}
{"email":"user@example.com","level":"info","message":"Tokens generated successfully","service":"affinity-echo-api","timestamp":"2025-11-14T15:09:09.151Z","userId":"d28033c9-a210-4d73-be1b-f6ce3fcc7680"}
{"duration":"1674ms","ip":"::1","level":"info","message":"Request completed","method":"POST","service":"affinity-echo-api","statusCode":201,"timestamp":"2025-11-14T15:09:09.155Z","url":"/auth/login"}
{"ip":"::1","level":"info","message":"Rate limit key generated","path":"/","service":"affinity-echo-api","timestamp":"2025-11-14T15:09:52.719Z"}
{"level":"warn","message":"Client Error Invalid or expired token","method":"GET","path":"/auth/me","service":"affinity-echo-api","statusCode":401,"timestamp":"2025-11-14T15:09:53.513Z"}
{"ip":"::1","level":"info","message":"Rate limit key generated","path":"/","service":"affinity-echo-api","timestamp":"2025-11-14T15:10:28.991Z"}
{"level":"warn","message":"Client Error Invalid or expired token","method":"PUT","path":"/auth/profile","service":"affinity-echo-api","statusCode":401,"timestamp":"2025-11-14T15:10:30.184Z"}
{"ip":"::1","level":"info","message":"Rate limit key generated","path":"/","service":"affinity-echo-api","timestamp":"2025-11-14T15:11:23.327Z"}
{"level":"warn","message":"Client Error Invalid or expired token","method":"GET","path":"/auth/me","service":"affinity-echo-api","statusCode":401,"timestamp":"2025-11-14T15:11:23.978Z"}
{"ip":"::1","level":"info","message":"Rate limit key generated","path":"/","service":"affinity-echo-api","timestamp":"2025-11-14T15:12:15.115Z"}
{"level":"warn","message":"Client Error Invalid or expired token","method":"GET","path":"/auth/me","service":"affinity-echo-api","statusCode":401,"timestamp":"2025-11-14T15:12:15.733Z"}
{"ip":"::1","level":"info","message":"Rate limit key generated","path":"/","service":"affinity-echo-api","timestamp":"2025-11-14T15:14:10.840Z"}
{"level":"warn","message":"Client Error Invalid or expired token","method":"POST","path":"/auth/onboarding/complete","service":"affinity-echo-api","statusCode":401,"timestamp":"2025-11-14T15:14:11.920Z"}
{"level":"info","message":"FORTRESS LIVE ON PORT 3000","module":"Bootstrap","service":"affinity-echo-api","timestamp":"2025-11-14T15:20:23.511Z"}
{"level":"info","message":"SWAGGER → http://localhost:3000/docs","module":"Bootstrap","service":"affinity-echo-api","timestamp":"2025-11-14T15:20:23.518Z"}
{"level":"info","message":"HEALTH  → http://localhost:3000/health","module":"Bootstrap","service":"affinity-echo-api","timestamp":"2025-11-14T15:20:23.520Z"}
{"level":"info","message":"FORTRESS LIVE ON PORT 3000","module":"Bootstrap","service":"affinity-echo-api","timestamp":"2025-11-14T15:21:52.505Z"}
{"level":"info","message":"SWAGGER → http://localhost:3000/docs","module":"Bootstrap","service":"affinity-echo-api","timestamp":"2025-11-14T15:21:52.509Z"}
{"level":"info","message":"HEALTH  → http://localhost:3000/health","module":"Bootstrap","service":"affinity-echo-api","timestamp":"2025-11-14T15:21:52.511Z"}
{"ip":"::1","level":"info","message":"Rate limit key generated","path":"/","service":"affinity-echo-api","timestamp":"2025-11-14T15:22:24.027Z"}
{"body":{"email":"user@example.com","password":"***"},"ip":"::1","level":"info","message":"Incoming request","method":"POST","service":"affinity-echo-api","timestamp":"2025-11-14T15:22:24.037Z","url":"/auth/login","userAgent":"Mozilla/5.0 (Windows NT 10.0; Win64; x64) AppleWebKit/537.36 (KHTML, like Gecko) Chrome/142.0.0.0 Safari/537.36 Edg/142.0.0.0","userId":null}
{"email":"user@example.com","level":"info","message":"Login attempt","service":"affinity-echo-api","timestamp":"2025-11-14T15:22:24.090Z"}
{"email":"user@example.com","level":"info","message":"Ensuring profile exists","service":"affinity-echo-api","timestamp":"2025-11-14T15:22:25.478Z","userId":"d28033c9-a210-4d73-be1b-f6ce3fcc7680"}
{"level":"info","message":"Profile already exists","service":"affinity-echo-api","timestamp":"2025-11-14T15:22:26.012Z","userId":"d28033c9-a210-4d73-be1b-f6ce3fcc7680","username":"SmartVoice2298"}
{"email":"user@example.com","level":"info","message":"Login successful","profileExists":true,"service":"affinity-echo-api","timestamp":"2025-11-14T15:22:26.013Z","userId":"d28033c9-a210-4d73-be1b-f6ce3fcc7680"}
{"email":"user@example.com","level":"info","message":"Tokens generated successfully","service":"affinity-echo-api","timestamp":"2025-11-14T15:22:26.023Z","userId":"d28033c9-a210-4d73-be1b-f6ce3fcc7680"}
{"duration":"1987ms","ip":"::1","level":"info","message":"Request completed","method":"POST","service":"affinity-echo-api","statusCode":201,"timestamp":"2025-11-14T15:22:26.024Z","url":"/auth/login"}
{"ip":"::1","level":"info","message":"Rate limit key generated","path":"/","service":"affinity-echo-api","timestamp":"2025-11-14T15:22:55.171Z"}
{"level":"warn","message":"Client Error Invalid or expired token","method":"GET","path":"/auth/me","service":"affinity-echo-api","statusCode":401,"timestamp":"2025-11-14T15:22:56.019Z"}
{"level":"info","message":"FORTRESS LIVE ON PORT 3000","module":"Bootstrap","service":"affinity-echo-api","timestamp":"2025-11-14T15:24:37.655Z"}
{"level":"info","message":"SWAGGER → http://localhost:3000/docs","module":"Bootstrap","service":"affinity-echo-api","timestamp":"2025-11-14T15:24:37.661Z"}
{"level":"info","message":"HEALTH  → http://localhost:3000/health","module":"Bootstrap","service":"affinity-echo-api","timestamp":"2025-11-14T15:24:37.665Z"}
{"ip":"::1","level":"info","message":"Rate limit key generated","path":"/","service":"affinity-echo-api","timestamp":"2025-11-14T15:24:41.282Z"}
{"level":"warn","message":"Client Error Invalid or expired token","method":"GET","path":"/auth/me","service":"affinity-echo-api","statusCode":401,"timestamp":"2025-11-14T15:24:42.344Z"}
{"ip":"::1","level":"info","message":"Rate limit key generated","path":"/","service":"affinity-echo-api","timestamp":"2025-11-14T15:25:26.167Z"}
{"level":"warn","message":"Client Error Invalid or expired token","method":"GET","path":"/auth/me","service":"affinity-echo-api","statusCode":401,"timestamp":"2025-11-14T15:25:27.336Z"}
{"ip":"::1","level":"info","message":"Rate limit key generated","path":"/","service":"affinity-echo-api","timestamp":"2025-11-14T15:25:33.875Z"}
{"body":{"email":"user@example.com","password":"***"},"ip":"::1","level":"info","message":"Incoming request","method":"POST","service":"affinity-echo-api","timestamp":"2025-11-14T15:25:33.880Z","url":"/auth/login","userAgent":"Mozilla/5.0 (Windows NT 10.0; Win64; x64) AppleWebKit/537.36 (KHTML, like Gecko) Chrome/142.0.0.0 Safari/537.36 Edg/142.0.0.0","userId":null}
{"email":"user@example.com","level":"info","message":"Login attempt","service":"affinity-echo-api","timestamp":"2025-11-14T15:25:33.889Z"}
{"email":"user@example.com","level":"info","message":"Ensuring profile exists","service":"affinity-echo-api","timestamp":"2025-11-14T15:25:35.221Z","userId":"d28033c9-a210-4d73-be1b-f6ce3fcc7680"}
{"level":"info","message":"Profile already exists","service":"affinity-echo-api","timestamp":"2025-11-14T15:25:35.721Z","userId":"d28033c9-a210-4d73-be1b-f6ce3fcc7680","username":"SmartVoice2298"}
{"email":"user@example.com","level":"info","message":"Login successful","profileExists":true,"service":"affinity-echo-api","timestamp":"2025-11-14T15:25:35.724Z","userId":"d28033c9-a210-4d73-be1b-f6ce3fcc7680"}
{"email":"user@example.com","level":"info","message":"Tokens generated successfully","service":"affinity-echo-api","timestamp":"2025-11-14T15:25:35.768Z","userId":"d28033c9-a210-4d73-be1b-f6ce3fcc7680"}
{"duration":"1889ms","ip":"::1","level":"info","message":"Request completed","method":"POST","service":"affinity-echo-api","statusCode":201,"timestamp":"2025-11-14T15:25:35.770Z","url":"/auth/login"}
{"ip":"::1","level":"info","message":"Rate limit key generated","path":"/","service":"affinity-echo-api","timestamp":"2025-11-14T15:26:02.715Z"}
{"level":"warn","message":"Client Error Invalid or expired token","method":"GET","path":"/auth/me","service":"affinity-echo-api","statusCode":401,"timestamp":"2025-11-14T15:26:03.580Z"}
{"ip":"::1","level":"info","message":"Rate limit key generated","path":"/","service":"affinity-echo-api","timestamp":"2025-11-14T15:26:28.384Z"}
{"level":"warn","message":"Client Error Invalid or expired token","method":"GET","path":"/auth/onboarding/status","service":"affinity-echo-api","statusCode":401,"timestamp":"2025-11-14T15:26:29.336Z"}
{"level":"info","message":"FORTRESS LIVE ON PORT 3000","module":"Bootstrap","service":"affinity-echo-api","timestamp":"2025-11-14T15:28:32.422Z"}
{"level":"info","message":"SWAGGER → http://localhost:3000/docs","module":"Bootstrap","service":"affinity-echo-api","timestamp":"2025-11-14T15:28:32.433Z"}
{"level":"info","message":"HEALTH  → http://localhost:3000/health","module":"Bootstrap","service":"affinity-echo-api","timestamp":"2025-11-14T15:28:32.439Z"}
{"level":"info","message":"FORTRESS LIVE ON PORT 3000","module":"Bootstrap","service":"affinity-echo-api","timestamp":"2025-11-14T15:28:54.266Z"}
{"level":"info","message":"SWAGGER → http://localhost:3000/docs","module":"Bootstrap","service":"affinity-echo-api","timestamp":"2025-11-14T15:28:54.277Z"}
{"level":"info","message":"HEALTH  → http://localhost:3000/health","module":"Bootstrap","service":"affinity-echo-api","timestamp":"2025-11-14T15:28:54.278Z"}
{"ip":"::1","level":"info","message":"Rate limit key generated","path":"/","service":"affinity-echo-api","timestamp":"2025-11-14T15:29:09.621Z"}
{"level":"warn","message":"Client Error Invalid or expired token","method":"GET","path":"/auth/onboarding/status","service":"affinity-echo-api","statusCode":401,"timestamp":"2025-11-14T15:29:10.631Z"}
{"ip":"::1","level":"info","message":"Rate limit key generated","path":"/","service":"affinity-echo-api","timestamp":"2025-11-14T15:29:55.066Z"}
{"level":"warn","message":"Client Error Invalid or expired token","method":"GET","path":"/auth/onboarding/status","service":"affinity-echo-api","statusCode":401,"timestamp":"2025-11-14T15:29:55.945Z"}
{"level":"info","message":"FORTRESS LIVE ON PORT 3000","module":"Bootstrap","service":"affinity-echo-api","timestamp":"2025-11-14T15:32:10.132Z"}
{"level":"info","message":"SWAGGER → http://localhost:3000/docs","module":"Bootstrap","service":"affinity-echo-api","timestamp":"2025-11-14T15:32:10.184Z"}
{"level":"info","message":"HEALTH  → http://localhost:3000/health","module":"Bootstrap","service":"affinity-echo-api","timestamp":"2025-11-14T15:32:10.196Z"}
{"ip":"::1","level":"info","message":"Rate limit key generated","path":"/","service":"affinity-echo-api","timestamp":"2025-11-14T15:32:14.152Z"}
{"level":"warn","message":"Client Error Token validation failed: invalid JWT: unable to parse or verify signature, token signature is invalid: signature is invalid","method":"GET","path":"/auth/onboarding/status","service":"affinity-echo-api","statusCode":401,"timestamp":"2025-11-14T15:32:15.075Z"}
{"level":"info","message":"FORTRESS LIVE ON PORT 3000","module":"Bootstrap","service":"affinity-echo-api","timestamp":"2025-11-14T15:35:25.090Z"}
{"level":"info","message":"SWAGGER → http://localhost:3000/docs","module":"Bootstrap","service":"affinity-echo-api","timestamp":"2025-11-14T15:35:25.095Z"}
{"level":"info","message":"HEALTH  → http://localhost:3000/health","module":"Bootstrap","service":"affinity-echo-api","timestamp":"2025-11-14T15:35:25.096Z"}
{"level":"info","message":"FORTRESS LIVE ON PORT 3000","module":"Bootstrap","service":"affinity-echo-api","timestamp":"2025-11-14T15:40:42.779Z"}
{"level":"info","message":"SWAGGER → http://localhost:3000/docs","module":"Bootstrap","service":"affinity-echo-api","timestamp":"2025-11-14T15:40:42.788Z"}
{"level":"info","message":"HEALTH  → http://localhost:3000/health","module":"Bootstrap","service":"affinity-echo-api","timestamp":"2025-11-14T15:40:42.792Z"}
{"level":"info","message":"FORTRESS LIVE ON PORT 3000","module":"Bootstrap","service":"affinity-echo-api","timestamp":"2025-11-14T15:41:38.965Z"}
{"level":"info","message":"SWAGGER → http://localhost:3000/docs","module":"Bootstrap","service":"affinity-echo-api","timestamp":"2025-11-14T15:41:38.976Z"}
{"level":"info","message":"HEALTH  → http://localhost:3000/health","module":"Bootstrap","service":"affinity-echo-api","timestamp":"2025-11-14T15:41:38.981Z"}
{"ip":"::1","level":"info","message":"Rate limit key generated","path":"/","service":"affinity-echo-api","timestamp":"2025-11-14T15:41:45.953Z"}
{"level":"warn","message":"Client Error Token validation failed: invalid JWT: unable to parse or verify signature, token signature is invalid: signature is invalid","method":"GET","path":"/auth/onboarding/status","service":"affinity-echo-api","statusCode":401,"timestamp":"2025-11-14T15:41:47.309Z"}
{"level":"info","message":"FORTRESS LIVE ON PORT 3000","module":"Bootstrap","service":"affinity-echo-api","timestamp":"2025-11-14T15:42:25.366Z"}
{"level":"info","message":"SWAGGER → http://localhost:3000/docs","module":"Bootstrap","service":"affinity-echo-api","timestamp":"2025-11-14T15:42:25.370Z"}
{"level":"info","message":"HEALTH  → http://localhost:3000/health","module":"Bootstrap","service":"affinity-echo-api","timestamp":"2025-11-14T15:42:25.371Z"}
{"ip":"::1","level":"info","message":"Rate limit key generated","path":"/","service":"affinity-echo-api","timestamp":"2025-11-14T15:42:29.131Z"}
{"level":"warn","message":"Client Error Invalid token","method":"GET","path":"/auth/onboarding/status","service":"affinity-echo-api","statusCode":401,"timestamp":"2025-11-14T15:42:29.158Z"}
{"ip":"::1","level":"info","message":"Rate limit key generated","path":"/","service":"affinity-echo-api","timestamp":"2025-11-14T15:42:45.403Z"}
{"body":{"email":"user@example.com","password":"***"},"ip":"::1","level":"info","message":"Incoming request","method":"POST","service":"affinity-echo-api","timestamp":"2025-11-14T15:42:45.421Z","url":"/auth/login","userAgent":"Mozilla/5.0 (Windows NT 10.0; Win64; x64) AppleWebKit/537.36 (KHTML, like Gecko) Chrome/142.0.0.0 Safari/537.36 Edg/142.0.0.0","userId":null}
{"email":"user@example.com","level":"info","message":"Login attempt","service":"affinity-echo-api","timestamp":"2025-11-14T15:42:45.454Z"}
{"email":"user@example.com","level":"info","message":"Ensuring profile exists","service":"affinity-echo-api","timestamp":"2025-11-14T15:42:46.862Z","userId":"d28033c9-a210-4d73-be1b-f6ce3fcc7680"}
{"level":"info","message":"Profile already exists","service":"affinity-echo-api","timestamp":"2025-11-14T15:42:47.266Z","userId":"d28033c9-a210-4d73-be1b-f6ce3fcc7680","username":"SmartVoice2298"}
{"email":"user@example.com","level":"info","message":"Login successful","profileExists":true,"service":"affinity-echo-api","timestamp":"2025-11-14T15:42:47.267Z","userId":"d28033c9-a210-4d73-be1b-f6ce3fcc7680"}
{"email":"user@example.com","level":"info","message":"Tokens generated successfully","service":"affinity-echo-api","timestamp":"2025-11-14T15:42:47.272Z","userId":"d28033c9-a210-4d73-be1b-f6ce3fcc7680"}
{"duration":"1853ms","ip":"::1","level":"info","message":"Request completed","method":"POST","service":"affinity-echo-api","statusCode":201,"timestamp":"2025-11-14T15:42:47.274Z","url":"/auth/login"}
{"ip":"::1","level":"info","message":"Rate limit key generated","path":"/","service":"affinity-echo-api","timestamp":"2025-11-14T15:43:22.187Z"}
{"level":"warn","message":"Client Error Invalid token","method":"GET","path":"/auth/me","service":"affinity-echo-api","statusCode":401,"timestamp":"2025-11-14T15:43:22.893Z"}
{"ip":"::1","level":"info","message":"Rate limit key generated","path":"/","service":"affinity-echo-api","timestamp":"2025-11-14T15:45:22.064Z"}
{"body":{"email":"adminokestra@yopmail.com","password":"***"},"ip":"::1","level":"info","message":"Incoming request","method":"POST","service":"affinity-echo-api","timestamp":"2025-11-14T15:45:22.065Z","url":"/auth/login","userAgent":"Mozilla/5.0 (Windows NT 10.0; Win64; x64) AppleWebKit/537.36 (KHTML, like Gecko) Chrome/142.0.0.0 Safari/537.36 Edg/142.0.0.0","userId":null}
{"email":"adminokestra@yopmail.com","level":"info","message":"Login attempt","service":"affinity-echo-api","timestamp":"2025-11-14T15:45:22.068Z"}
{"email":"adminokestra@yopmail.com","error":"Invalid login credentials","errorCode":"invalid_credentials","level":"warn","message":"Login failed","service":"affinity-echo-api","timestamp":"2025-11-14T15:45:23.144Z"}
{"level":"warn","message":"Client Error Invalid email or password. Please check your credentials and try again.","method":"POST","path":"/auth/login","service":"affinity-echo-api","statusCode":401,"timestamp":"2025-11-14T15:45:23.146Z"}
{"ip":"::1","level":"info","message":"Rate limit key generated","path":"/","service":"affinity-echo-api","timestamp":"2025-11-14T15:50:19.550Z"}
{"level":"warn","message":"Client Error Invalid token","method":"GET","path":"/auth/onboarding/status","service":"affinity-echo-api","statusCode":401,"timestamp":"2025-11-14T15:50:20.597Z"}
{"level":"info","message":"FORTRESS LIVE ON PORT 3000","module":"Bootstrap","service":"affinity-echo-api","timestamp":"2025-11-14T20:23:57.188Z"}
{"level":"info","message":"SWAGGER → http://localhost:3000/docs","module":"Bootstrap","service":"affinity-echo-api","timestamp":"2025-11-14T20:23:57.193Z"}
{"level":"info","message":"HEALTH  → http://localhost:3000/health","module":"Bootstrap","service":"affinity-echo-api","timestamp":"2025-11-14T20:23:57.194Z"}
{"level":"info","message":"FORTRESS LIVE ON PORT 3000","module":"Bootstrap","service":"affinity-echo-api","timestamp":"2025-11-14T20:28:49.499Z"}
{"level":"info","message":"SWAGGER → http://localhost:3000/docs","module":"Bootstrap","service":"affinity-echo-api","timestamp":"2025-11-14T20:28:49.506Z"}
{"level":"info","message":"HEALTH  → http://localhost:3000/health","module":"Bootstrap","service":"affinity-echo-api","timestamp":"2025-11-14T20:28:49.507Z"}
{"ip":"::1","level":"info","message":"Rate limit key generated","path":"/","service":"affinity-echo-api","timestamp":"2025-11-14T20:29:24.597Z"}
{"body":{"email":"user02@example.com","password":"***","username":"GoodLeader42"},"ip":"::1","level":"info","message":"Incoming request","method":"POST","service":"affinity-echo-api","timestamp":"2025-11-14T20:29:24.604Z","url":"/auth/signup","userAgent":"Mozilla/5.0 (Windows NT 10.0; Win64; x64) AppleWebKit/537.36 (KHTML, like Gecko) Chrome/142.0.0.0 Safari/537.36 Edg/142.0.0.0","userId":null}
{"email":"user02@example.com","level":"info","message":"Signup attempt","service":"affinity-echo-api","timestamp":"2025-11-14T20:29:24.628Z","username":"GoodLeader42"}
{"email":"user02@example.com","error":"Email address \"user02@example.com\" is invalid","errorCode":"email_address_invalid","level":"warn","message":"Signup failed via Supabase","service":"affinity-echo-api","timestamp":"2025-11-14T20:29:27.181Z"}
{"level":"warn","message":"Client Error Please use a valid email address format (e.g., user@example.com)","method":"POST","path":"/auth/signup","service":"affinity-echo-api","statusCode":400,"timestamp":"2025-11-14T20:29:27.192Z"}
{"ip":"::1","level":"info","message":"Rate limit key generated","path":"/","service":"affinity-echo-api","timestamp":"2025-11-14T20:30:09.298Z"}
{"body":{"email":"adminokestra01@yopmail.com","password":"***","username":"GoodLeader42"},"ip":"::1","level":"info","message":"Incoming request","method":"POST","service":"affinity-echo-api","timestamp":"2025-11-14T20:30:09.302Z","url":"/auth/signup","userAgent":"Mozilla/5.0 (Windows NT 10.0; Win64; x64) AppleWebKit/537.36 (KHTML, like Gecko) Chrome/142.0.0.0 Safari/537.36 Edg/142.0.0.0","userId":null}
{"email":"adminokestra01@yopmail.com","level":"info","message":"Signup attempt","service":"affinity-echo-api","timestamp":"2025-11-14T20:30:09.306Z","username":"GoodLeader42"}
{"level":"info","message":"Creating user profile","service":"affinity-echo-api","timestamp":"2025-11-14T20:30:11.175Z","userId":"edb012f7-b85f-4d29-8ebf-9b95dcf40bf7","username":"GoodLeader42"}
{"level":"info","message":"Profile created successfully","service":"affinity-echo-api","timestamp":"2025-11-14T20:30:11.476Z","userId":"edb012f7-b85f-4d29-8ebf-9b95dcf40bf7","username":"GoodLeader42"}
{"error":"ENOENT: no such file or directory, open 'E:\\codebase\\Personal\\Okestra\\AffinityEchoFrontend\\AffinityEcho\\AffinityEchoBackend\\affinity-echo-backend\\src\\common\\templates\\emails\\otp.ejs'","level":"error","message":"Failed to send email","service":"affinity-echo-api","subject":"Verify Your Account - Affinity Echo","timestamp":"2025-11-14T20:30:11.482Z","to":"adminokestra01@yopmail.com"}
{"email":"adminokestra01@yopmail.com","error":{"code":"ENOENT","errno":-4058,"path":"E:\\codebase\\Personal\\Okestra\\AffinityEchoFrontend\\AffinityEcho\\AffinityEchoBackend\\affinity-echo-backend\\src\\common\\templates\\emails\\otp.ejs","syscall":"open"},"level":"error","message":"Unexpected error during signup","service":"affinity-echo-api","timestamp":"2025-11-14T20:30:11.486Z"}
{"error":"InternalServerErrorException: Registration failed due to an unexpected error\n    at AuthService.signup (E:\\codebase\\Personal\\Okestra\\AffinityEchoFrontend\\AffinityEcho\\AffinityEchoBackend\\affinity-echo-backend\\src\\modules\\auth\\services\\auth.service.ts:246:13)\n    at processTicksAndRejections (node:internal/process/task_queues:105:5)","level":"error","message":"HTTP Exception Registration failed due to an unexpected error","method":"POST","path":"/auth/signup","service":"affinity-echo-api","statusCode":500,"timestamp":"2025-11-14T20:30:11.490Z"}
{"level":"info","message":"FORTRESS LIVE ON PORT 3000","module":"Bootstrap","service":"affinity-echo-api","timestamp":"2025-11-14T20:34:13.811Z"}
{"level":"info","message":"SWAGGER → http://localhost:3000/docs","module":"Bootstrap","service":"affinity-echo-api","timestamp":"2025-11-14T20:34:13.816Z"}
{"level":"info","message":"HEALTH  → http://localhost:3000/health","module":"Bootstrap","service":"affinity-echo-api","timestamp":"2025-11-14T20:34:13.817Z"}
{"ip":"::1","level":"info","message":"Rate limit key generated","path":"/","service":"affinity-echo-api","timestamp":"2025-11-14T20:34:17.890Z"}
{"body":{"email":"adminokestra01@yopmail.com","password":"***","username":"GoodLeader42"},"ip":"::1","level":"info","message":"Incoming request","method":"POST","service":"affinity-echo-api","timestamp":"2025-11-14T20:34:17.897Z","url":"/auth/signup","userAgent":"Mozilla/5.0 (Windows NT 10.0; Win64; x64) AppleWebKit/537.36 (KHTML, like Gecko) Chrome/142.0.0.0 Safari/537.36 Edg/142.0.0.0","userId":null}
{"email":"adminokestra01@yopmail.com","level":"info","message":"Signup attempt","service":"affinity-echo-api","timestamp":"2025-11-14T20:34:17.913Z","username":"GoodLeader42"}
{"level":"info","message":"Creating user profile","service":"affinity-echo-api","timestamp":"2025-11-14T20:34:20.043Z","userId":"edb012f7-b85f-4d29-8ebf-9b95dcf40bf7","username":"GoodLeader42"}
{"errorCode":"23505","errorMessage":"duplicate key value violates unique constraint \"user_profiles_pkey\"","level":"error","message":"Failed to create profile - Full error details","service":"affinity-echo-api","timestamp":"2025-11-14T20:34:20.369Z","userId":"edb012f7-b85f-4d29-8ebf-9b95dcf40bf7","username":"GoodLeader42"}
{"level":"warn","message":"Username already taken, generating new one","service":"affinity-echo-api","timestamp":"2025-11-14T20:34:20.376Z","userId":"edb012f7-b85f-4d29-8ebf-9b95dcf40bf7","username":"GoodLeader42"}
{"error":"duplicate key value violates unique constraint \"user_profiles_pkey\"","level":"error","message":"Failed to create profile even with unique username","service":"affinity-echo-api","timestamp":"2025-11-14T20:34:20.697Z","userId":"edb012f7-b85f-4d29-8ebf-9b95dcf40bf7","username":"GoodLeader42_460380406"}
{"error":"Invalid login: 535 5.7.8 Error: authentication failed: (reason unavailable)","level":"error","message":"Failed to send email","service":"affinity-echo-api","subject":"Verify Your Account - Affinity Echo","timestamp":"2025-11-14T20:34:24.061Z","to":"adminokestra01@yopmail.com"}
{"email":"adminokestra01@yopmail.com","error":{"code":"EAUTH","command":"AUTH PLAIN","response":"535 5.7.8 Error: authentication failed: (reason unavailable)","responseCode":535},"level":"error","message":"Unexpected error during signup","service":"affinity-echo-api","timestamp":"2025-11-14T20:34:24.065Z"}
{"error":"InternalServerErrorException: Registration failed due to an unexpected error\n    at AuthService.signup (E:\\codebase\\Personal\\Okestra\\AffinityEchoFrontend\\AffinityEcho\\AffinityEchoBackend\\affinity-echo-backend\\src\\modules\\auth\\services\\auth.service.ts:246:13)\n    at processTicksAndRejections (node:internal/process/task_queues:105:5)","level":"error","message":"HTTP Exception Registration failed due to an unexpected error","method":"POST","path":"/auth/signup","service":"affinity-echo-api","statusCode":500,"timestamp":"2025-11-14T20:34:24.077Z"}
{"level":"info","message":"FORTRESS LIVE ON PORT 3000","module":"Bootstrap","service":"affinity-echo-api","timestamp":"2025-11-14T20:40:11.075Z"}
{"level":"info","message":"SWAGGER → http://localhost:3000/docs","module":"Bootstrap","service":"affinity-echo-api","timestamp":"2025-11-14T20:40:11.087Z"}
{"level":"info","message":"HEALTH  → http://localhost:3000/health","module":"Bootstrap","service":"affinity-echo-api","timestamp":"2025-11-14T20:40:11.090Z"}
{"ip":"::1","level":"info","message":"Rate limit key generated","path":"/","service":"affinity-echo-api","timestamp":"2025-11-14T20:43:48.173Z"}
{"body":{"email":"adminokestra01@yopmail.com","password":"***","username":"GoodLeader42"},"ip":"::1","level":"info","message":"Incoming request","method":"POST","service":"affinity-echo-api","timestamp":"2025-11-14T20:43:48.178Z","url":"/auth/signup","userAgent":"Mozilla/5.0 (Windows NT 10.0; Win64; x64) AppleWebKit/537.36 (KHTML, like Gecko) Chrome/142.0.0.0 Safari/537.36 Edg/142.0.0.0","userId":null}
{"email":"adminokestra01@yopmail.com","level":"info","message":"Signup attempt","service":"affinity-echo-api","timestamp":"2025-11-14T20:43:48.211Z","username":"GoodLeader42"}
{"level":"info","message":"Creating user profile","service":"affinity-echo-api","timestamp":"2025-11-14T20:43:50.417Z","userId":"edb012f7-b85f-4d29-8ebf-9b95dcf40bf7","username":"GoodLeader42"}
{"level":"info","message":"Profile created successfully","service":"affinity-echo-api","timestamp":"2025-11-14T20:43:50.736Z","userId":"edb012f7-b85f-4d29-8ebf-9b95dcf40bf7","username":"GoodLeader42"}
{"level":"info","message":"Email sent successfully","messageId":"<8d86295d-e2d1-a8ab-7209-6513caf4fae3@gmail.com>","service":"affinity-echo-api","subject":"Verify Your Account - Affinity Echo","timestamp":"2025-11-14T20:43:53.477Z","to":"adminokestra01@yopmail.com"}
{"email":"adminokestra01@yopmail.com","level":"info","message":"Signup successful - OTP sent","profileCreated":true,"service":"affinity-echo-api","timestamp":"2025-11-14T20:43:53.487Z","userId":"edb012f7-b85f-4d29-8ebf-9b95dcf40bf7","username":"GoodLeader42"}
{"duration":"5318ms","ip":"::1","level":"info","message":"Request completed","method":"POST","service":"affinity-echo-api","statusCode":201,"timestamp":"2025-11-14T20:43:53.496Z","url":"/auth/signup"}
{"ip":"::1","level":"info","message":"Rate limit key generated","path":"/","service":"affinity-echo-api","timestamp":"2025-11-14T20:45:18.329Z"}
{"body":{"email":"adminokestra01@yopmail.com","token":"***"},"ip":"::1","level":"info","message":"Incoming request","method":"POST","service":"affinity-echo-api","timestamp":"2025-11-14T20:45:18.332Z","url":"/auth/otp/verify","userAgent":"Mozilla/5.0 (Windows NT 10.0; Win64; x64) AppleWebKit/537.36 (KHTML, like Gecko) Chrome/142.0.0.0 Safari/537.36 Edg/142.0.0.0","userId":null}
{"email":"adminokestra01@yopmail.com","level":"info","message":"OTP verification attempt","service":"affinity-echo-api","timestamp":"2025-11-14T20:45:18.336Z"}
{"email":"adminokestra01@yopmail.com","level":"info","message":"Ensuring profile exists","service":"affinity-echo-api","timestamp":"2025-11-14T20:45:19.539Z","userId":"edb012f7-b85f-4d29-8ebf-9b95dcf40bf7"}
{"level":"info","message":"Profile already exists","service":"affinity-echo-api","timestamp":"2025-11-14T20:45:20.035Z","userId":"edb012f7-b85f-4d29-8ebf-9b95dcf40bf7","username":"GoodLeader42"}
{"level":"info","message":"Email sent successfully","messageId":"<c52bd394-0885-d9bf-e5e7-09fa8cfba007@gmail.com>","service":"affinity-echo-api","subject":"Welcome to Affinity Echo!","timestamp":"2025-11-14T20:45:21.937Z","to":"adminokestra01@yopmail.com"}
{"email":"adminokestra01@yopmail.com","level":"info","message":"OTP verified and email confirmed","profileExists":true,"service":"affinity-echo-api","timestamp":"2025-11-14T20:45:21.939Z","userId":"edb012f7-b85f-4d29-8ebf-9b95dcf40bf7"}
{"email":"adminokestra01@yopmail.com","level":"info","message":"Tokens generated successfully","service":"affinity-echo-api","timestamp":"2025-11-14T20:45:21.980Z","userId":"edb012f7-b85f-4d29-8ebf-9b95dcf40bf7"}
{"duration":"3652ms","ip":"::1","level":"info","message":"Request completed","method":"POST","service":"affinity-echo-api","statusCode":201,"timestamp":"2025-11-14T20:45:21.984Z","url":"/auth/otp/verify"}
{"ip":"::1","level":"info","message":"Rate limit key generated","path":"/","service":"affinity-echo-api","timestamp":"2025-11-14T20:46:15.081Z"}
{"body":{"email":"adminokestra01@yopmail.com","password":"***"},"ip":"::1","level":"info","message":"Incoming request","method":"POST","service":"affinity-echo-api","timestamp":"2025-11-14T20:46:15.083Z","url":"/auth/login","userAgent":"Mozilla/5.0 (Windows NT 10.0; Win64; x64) AppleWebKit/537.36 (KHTML, like Gecko) Chrome/142.0.0.0 Safari/537.36 Edg/142.0.0.0","userId":null}
{"email":"adminokestra01@yopmail.com","level":"info","message":"Login attempt","service":"affinity-echo-api","timestamp":"2025-11-14T20:46:15.085Z"}
{"email":"adminokestra01@yopmail.com","level":"info","message":"Ensuring profile exists","service":"affinity-echo-api","timestamp":"2025-11-14T20:46:16.086Z","userId":"edb012f7-b85f-4d29-8ebf-9b95dcf40bf7"}
{"level":"info","message":"Profile already exists","service":"affinity-echo-api","timestamp":"2025-11-14T20:46:16.442Z","userId":"edb012f7-b85f-4d29-8ebf-9b95dcf40bf7","username":"GoodLeader42"}
{"email":"adminokestra01@yopmail.com","level":"info","message":"Login successful","profileExists":true,"service":"affinity-echo-api","timestamp":"2025-11-14T20:46:16.446Z","userId":"edb012f7-b85f-4d29-8ebf-9b95dcf40bf7"}
{"email":"adminokestra01@yopmail.com","level":"info","message":"Tokens generated successfully","service":"affinity-echo-api","timestamp":"2025-11-14T20:46:16.451Z","userId":"edb012f7-b85f-4d29-8ebf-9b95dcf40bf7"}
{"duration":"1369ms","ip":"::1","level":"info","message":"Request completed","method":"POST","service":"affinity-echo-api","statusCode":201,"timestamp":"2025-11-14T20:46:16.452Z","url":"/auth/login"}
{"ip":"::1","level":"info","message":"Rate limit key generated","path":"/","service":"affinity-echo-api","timestamp":"2025-11-14T20:47:03.337Z"}
{"body":{"email":"adminokestra01@yopmail.com"},"ip":"::1","level":"info","message":"Incoming request","method":"POST","service":"affinity-echo-api","timestamp":"2025-11-14T20:47:03.339Z","url":"/auth/forgot-password","userAgent":"Mozilla/5.0 (Windows NT 10.0; Win64; x64) AppleWebKit/537.36 (KHTML, like Gecko) Chrome/142.0.0.0 Safari/537.36 Edg/142.0.0.0","userId":null}
{"email":"adminokestra01@yopmail.com","level":"info","message":"Password reset requested","service":"affinity-echo-api","timestamp":"2025-11-14T20:47:03.340Z"}
{"level":"info","message":"Email sent successfully","messageId":"<263d5b92-7f1e-893d-9fab-47423edb6799@gmail.com>","service":"affinity-echo-api","subject":"Reset Your Password - Affinity Echo","timestamp":"2025-11-14T20:47:07.278Z","to":"adminokestra01@yopmail.com"}
{"email":"adminokestra01@yopmail.com","level":"info","message":"Password reset email sent","service":"affinity-echo-api","timestamp":"2025-11-14T20:47:07.280Z"}
{"duration":"3943ms","ip":"::1","level":"info","message":"Request completed","method":"POST","service":"affinity-echo-api","statusCode":201,"timestamp":"2025-11-14T20:47:07.282Z","url":"/auth/forgot-password"}
{"ip":"::1","level":"info","message":"Rate limit key generated","path":"/","service":"affinity-echo-api","timestamp":"2025-11-14T20:48:17.175Z"}
{"body":{"password":"***","token":"***"},"ip":"::1","level":"info","message":"Incoming request","method":"POST","service":"affinity-echo-api","timestamp":"2025-11-14T20:48:17.176Z","url":"/auth/reset-password","userAgent":"Mozilla/5.0 (Windows NT 10.0; Win64; x64) AppleWebKit/537.36 (KHTML, like Gecko) Chrome/142.0.0.0 Safari/537.36 Edg/142.0.0.0","userId":null}
{"hasToken":true,"level":"info","message":"Password reset attempt","service":"affinity-echo-api","timestamp":"2025-11-14T20:48:17.180Z"}
{"error":"invalid JWT: unable to parse or verify signature, token is malformed: token contains an invalid number of segments","level":"warn","message":"Invalid or expired reset token","service":"affinity-echo-api","timestamp":"2025-11-14T20:48:17.955Z"}
{"level":"warn","message":"Client Error Invalid or expired reset token. Please request a new password reset link.","method":"POST","path":"/auth/reset-password","service":"affinity-echo-api","statusCode":400,"timestamp":"2025-11-14T20:48:17.956Z"}
{"ip":"::1","level":"info","message":"Rate limit key generated","path":"/","service":"affinity-echo-api","timestamp":"2025-11-14T20:50:02.667Z"}
{"body":{"email":"adminokestra01@yopmail.com"},"ip":"::1","level":"info","message":"Incoming request","method":"POST","service":"affinity-echo-api","timestamp":"2025-11-14T20:50:02.669Z","url":"/auth/forgot-password","userAgent":"Mozilla/5.0 (Windows NT 10.0; Win64; x64) AppleWebKit/537.36 (KHTML, like Gecko) Chrome/142.0.0.0 Safari/537.36 Edg/142.0.0.0","userId":null}
{"email":"adminokestra01@yopmail.com","level":"info","message":"Password reset requested","service":"affinity-echo-api","timestamp":"2025-11-14T20:50:02.670Z"}
{"level":"info","message":"Email sent successfully","messageId":"<f841678a-2333-6b54-248c-bd0ce3f1d61d@gmail.com>","service":"affinity-echo-api","subject":"Reset Your Password - Affinity Echo","timestamp":"2025-11-14T20:50:07.134Z","to":"adminokestra01@yopmail.com"}
{"email":"adminokestra01@yopmail.com","level":"info","message":"Password reset email sent","service":"affinity-echo-api","timestamp":"2025-11-14T20:50:07.136Z"}
{"duration":"4470ms","ip":"::1","level":"info","message":"Request completed","method":"POST","service":"affinity-echo-api","statusCode":201,"timestamp":"2025-11-14T20:50:07.139Z","url":"/auth/forgot-password"}
{"ip":"::1","level":"info","message":"Rate limit key generated","path":"/","service":"affinity-echo-api","timestamp":"2025-11-14T20:50:56.168Z"}
{"body":{"password":"***","token":"***"},"ip":"::1","level":"info","message":"Incoming request","method":"POST","service":"affinity-echo-api","timestamp":"2025-11-14T20:50:56.169Z","url":"/auth/reset-password","userAgent":"Mozilla/5.0 (Windows NT 10.0; Win64; x64) AppleWebKit/537.36 (KHTML, like Gecko) Chrome/142.0.0.0 Safari/537.36 Edg/142.0.0.0","userId":null}
{"hasToken":true,"level":"info","message":"Password reset attempt","service":"affinity-echo-api","timestamp":"2025-11-14T20:50:56.171Z"}
{"error":"invalid JWT: unable to parse or verify signature, token is malformed: token contains an invalid number of segments","level":"warn","message":"Invalid or expired reset token","service":"affinity-echo-api","timestamp":"2025-11-14T20:50:57.180Z"}
{"level":"warn","message":"Client Error Invalid or expired reset token. Please request a new password reset link.","method":"POST","path":"/auth/reset-password","service":"affinity-echo-api","statusCode":400,"timestamp":"2025-11-14T20:50:57.181Z"}
{"ip":"::1","level":"info","message":"Rate limit key generated","path":"/","service":"affinity-echo-api","timestamp":"2025-11-14T20:51:07.128Z"}
{"body":{"password":"***","token":"***"},"ip":"::1","level":"info","message":"Incoming request","method":"POST","service":"affinity-echo-api","timestamp":"2025-11-14T20:51:07.130Z","url":"/auth/reset-password","userAgent":"Mozilla/5.0 (Windows NT 10.0; Win64; x64) AppleWebKit/537.36 (KHTML, like Gecko) Chrome/142.0.0.0 Safari/537.36 Edg/142.0.0.0","userId":null}
{"hasToken":true,"level":"info","message":"Password reset attempt","service":"affinity-echo-api","timestamp":"2025-11-14T20:51:07.131Z"}
{"error":"invalid JWT: unable to parse or verify signature, token is malformed: token contains an invalid number of segments","level":"warn","message":"Invalid or expired reset token","service":"affinity-echo-api","timestamp":"2025-11-14T20:51:07.864Z"}
{"level":"warn","message":"Client Error Invalid or expired reset token. Please request a new password reset link.","method":"POST","path":"/auth/reset-password","service":"affinity-echo-api","statusCode":400,"timestamp":"2025-11-14T20:51:07.864Z"}
{"ip":"::1","level":"info","message":"Rate limit key generated","path":"/","service":"affinity-echo-api","timestamp":"2025-11-14T20:52:55.844Z"}
{"body":{"refreshToken":"eyJhbGciOiJIUzI1NiIsInR5cCI6IkpXVCJ9.eyJzdWIiOiJlZGIwMTJmNy1iODVmLTRkMjktOGViZi05Yjk1ZGNmNDBiZjciLCJlbWFpbCI6ImFkbWlub2tlc3RyYTAxQHlvcG1haWwuY29tIiwiaWF0IjoxNzYzMTUzMTc2LCJleHAiOjE3NjM3NTc5NzZ9.nn0iU1On5uDzMpF5AeKb_EJAGgbow1dG7f1uCjzKAxg"},"ip":"::1","level":"info","message":"Incoming request","method":"POST","service":"affinity-echo-api","timestamp":"2025-11-14T20:52:55.845Z","url":"/auth/refresh","userAgent":"Mozilla/5.0 (Windows NT 10.0; Win64; x64) AppleWebKit/537.36 (KHTML, like Gecko) Chrome/142.0.0.0 Safari/537.36 Edg/142.0.0.0","userId":null}
{"level":"info","message":"Token refresh attempt","service":"affinity-echo-api","timestamp":"2025-11-14T20:52:55.848Z"}
{"level":"info","message":"Token refreshed successfully","service":"affinity-echo-api","timestamp":"2025-11-14T20:52:56.791Z","userId":"edb012f7-b85f-4d29-8ebf-9b95dcf40bf7"}
{"duration":"946ms","ip":"::1","level":"info","message":"Request completed","method":"POST","service":"affinity-echo-api","statusCode":201,"timestamp":"2025-11-14T20:52:56.791Z","url":"/auth/refresh"}
{"ip":"::1","level":"info","message":"Rate limit key generated","path":"/","service":"affinity-echo-api","timestamp":"2025-11-14T20:53:36.206Z"}
{"level":"warn","message":"Client Error Invalid token","method":"GET","path":"/auth/me","service":"affinity-echo-api","statusCode":401,"timestamp":"2025-11-14T20:53:37.074Z"}
{"level":"info","message":"FORTRESS LIVE ON PORT 3000","module":"Bootstrap","service":"affinity-echo-api","timestamp":"2025-11-14T21:02:09.308Z"}
{"level":"info","message":"SWAGGER → http://localhost:3000/docs","module":"Bootstrap","service":"affinity-echo-api","timestamp":"2025-11-14T21:02:09.313Z"}
{"level":"info","message":"HEALTH  → http://localhost:3000/health","module":"Bootstrap","service":"affinity-echo-api","timestamp":"2025-11-14T21:02:09.314Z"}
{"level":"info","message":"FORTRESS LIVE ON PORT 3000","module":"Bootstrap","service":"affinity-echo-api","timestamp":"2025-11-14T21:06:46.658Z"}
{"level":"info","message":"SWAGGER → http://localhost:3000/docs","module":"Bootstrap","service":"affinity-echo-api","timestamp":"2025-11-14T21:06:46.662Z"}
{"level":"info","message":"HEALTH  → http://localhost:3000/health","module":"Bootstrap","service":"affinity-echo-api","timestamp":"2025-11-14T21:06:46.663Z"}
{"ip":"::1","level":"info","message":"Rate limit key generated","path":"/","service":"affinity-echo-api","timestamp":"2025-11-14T21:06:53.092Z"}
{"email":"adminokestra01@yopmail.com","level":"info","message":"🔐 JWT Strategy - Validating payload","service":"affinity-echo-api","sub":"edb012f7-b85f-4d29-8ebf-9b95dcf40bf7","timestamp":"2025-11-14T21:06:53.111Z"}
{"code":"42703","error":"column user_profiles.email does not exist","level":"warn","message":"❌ Database query error","service":"affinity-echo-api","timestamp":"2025-11-14T21:06:54.494Z","userId":"edb012f7-b85f-4d29-8ebf-9b95dcf40bf7"}
{"error":"column user_profiles.email does not exist","level":"error","message":"Database error during user verification, but proceeding","service":"affinity-echo-api","timestamp":"2025-11-14T21:06:54.495Z","userId":"edb012f7-b85f-4d29-8ebf-9b95dcf40bf7"}
{"ip":"::1","level":"info","message":"Incoming request","method":"GET","service":"affinity-echo-api","timestamp":"2025-11-14T21:06:54.505Z","url":"/auth/me","userAgent":"Mozilla/5.0 (Windows NT 10.0; Win64; x64) AppleWebKit/537.36 (KHTML, like Gecko) Chrome/142.0.0.0 Safari/537.36 Edg/142.0.0.0","userId":"edb012f7-b85f-4d29-8ebf-9b95dcf40bf7"}
{"level":"info","message":"Fetching current user","service":"affinity-echo-api","timestamp":"2025-11-14T21:06:54.511Z","userId":"edb012f7-b85f-4d29-8ebf-9b95dcf40bf7"}
{"error":"Cannot coerce the result to a single JSON object","level":"warn","message":"User profile not found","service":"affinity-echo-api","timestamp":"2025-11-14T21:06:55.374Z","userId":"edb012f7-b85f-4d29-8ebf-9b95dcf40bf7"}
{"level":"warn","message":"Client Error User profile not found","method":"GET","path":"/auth/me","service":"affinity-echo-api","statusCode":401,"timestamp":"2025-11-14T21:06:55.377Z"}
{"ip":"::1","level":"info","message":"Rate limit key generated","path":"/","service":"affinity-echo-api","timestamp":"2025-11-14T21:17:57.596Z"}
{"body":{"email":"adminokestra01@yopmail.com","password":"***","username":"GoodLeader42"},"ip":"::1","level":"info","message":"Incoming request","method":"POST","service":"affinity-echo-api","timestamp":"2025-11-14T21:17:57.598Z","url":"/auth/signup","userAgent":"Mozilla/5.0 (Windows NT 10.0; Win64; x64) AppleWebKit/537.36 (KHTML, like Gecko) Chrome/142.0.0.0 Safari/537.36 Edg/142.0.0.0","userId":null}
{"email":"adminokestra01@yopmail.com","level":"info","message":"Signup attempt","service":"affinity-echo-api","timestamp":"2025-11-14T21:17:57.610Z","username":"GoodLeader42"}
{"level":"info","message":"Creating user profile","service":"affinity-echo-api","timestamp":"2025-11-14T21:17:59.027Z","userId":"c6a25820-7f7b-45ed-8e4b-0d5fee476ccd","username":"GoodLeader42"}
{"level":"info","message":"Profile created successfully","service":"affinity-echo-api","timestamp":"2025-11-14T21:17:59.311Z","userId":"c6a25820-7f7b-45ed-8e4b-0d5fee476ccd","username":"GoodLeader42"}
{"level":"info","message":"Email sent successfully","messageId":"<6e326621-fbb7-563b-1506-d6aefa20da9f@gmail.com>","service":"affinity-echo-api","subject":"Verify Your Account - Affinity Echo","timestamp":"2025-11-14T21:18:01.980Z","to":"adminokestra01@yopmail.com"}
{"email":"adminokestra01@yopmail.com","level":"info","message":"Signup successful - OTP sent","profileCreated":true,"service":"affinity-echo-api","timestamp":"2025-11-14T21:18:01.983Z","userId":"c6a25820-7f7b-45ed-8e4b-0d5fee476ccd","username":"GoodLeader42"}
{"duration":"4392ms","ip":"::1","level":"info","message":"Request completed","method":"POST","service":"affinity-echo-api","statusCode":201,"timestamp":"2025-11-14T21:18:01.990Z","url":"/auth/signup"}
{"level":"info","message":"FORTRESS LIVE ON PORT 3000","module":"Bootstrap","service":"affinity-echo-api","timestamp":"2025-11-14T21:36:17.307Z"}
{"level":"info","message":"SWAGGER → http://localhost:3000/docs","module":"Bootstrap","service":"affinity-echo-api","timestamp":"2025-11-14T21:36:17.311Z"}
{"level":"info","message":"HEALTH  → http://localhost:3000/health","module":"Bootstrap","service":"affinity-echo-api","timestamp":"2025-11-14T21:36:17.312Z"}
{"ip":"::1","level":"info","message":"Rate limit key generated","path":"/","service":"affinity-echo-api","timestamp":"2025-11-14T21:36:49.808Z"}
{"ip":"::1","level":"info","message":"Incoming request","method":"GET","service":"affinity-echo-api","timestamp":"2025-11-14T21:36:49.815Z","url":"/health","userAgent":"Mozilla/5.0 (Windows NT 10.0; Win64; x64) AppleWebKit/537.36 (KHTML, like Gecko) Chrome/142.0.0.0 Safari/537.36 Edg/142.0.0.0","userId":null}
{"duration":"8ms","ip":"::1","level":"info","message":"Request completed","method":"GET","service":"affinity-echo-api","statusCode":200,"timestamp":"2025-11-14T21:36:49.823Z","url":"/health"}
{"ip":"::1","level":"info","message":"Rate limit key generated","path":"/","service":"affinity-echo-api","timestamp":"2025-11-14T21:37:04.433Z"}
{"body":{"email":"adminokestra01@yopmail.com","password":"***","username":"GoodLeader42"},"ip":"::1","level":"info","message":"Incoming request","method":"POST","service":"affinity-echo-api","timestamp":"2025-11-14T21:37:04.436Z","url":"/auth/signup","userAgent":"Mozilla/5.0 (Windows NT 10.0; Win64; x64) AppleWebKit/537.36 (KHTML, like Gecko) Chrome/142.0.0.0 Safari/537.36 Edg/142.0.0.0","userId":null}
{"email":"adminokestra01@yopmail.com","level":"info","message":"Signup attempt","service":"affinity-echo-api","timestamp":"2025-11-14T21:37:04.446Z","username":"GoodLeader42"}
{"error":{"code":"42501","details":null,"hint":null,"message":"permission denied for schema public"},"level":"error","message":"Database error during username check","service":"affinity-echo-api","timestamp":"2025-11-14T21:37:05.923Z"}
{"email":"adminokestra01@yopmail.com","error":"fetch failed","level":"warn","message":"Signup failed via Supabase","service":"affinity-echo-api","timestamp":"2025-11-14T21:37:06.498Z"}
{"level":"warn","message":"Client Error Registration failed: fetch failed","method":"POST","path":"/auth/signup","service":"affinity-echo-api","statusCode":400,"timestamp":"2025-11-14T21:37:06.504Z"}
{"level":"info","message":"FORTRESS LIVE ON PORT 3000","module":"Bootstrap","service":"affinity-echo-api","timestamp":"2025-11-14T21:44:29.539Z"}
{"level":"info","message":"SWAGGER → http://localhost:3000/docs","module":"Bootstrap","service":"affinity-echo-api","timestamp":"2025-11-14T21:44:29.542Z"}
{"level":"info","message":"HEALTH  → http://localhost:3000/health","module":"Bootstrap","service":"affinity-echo-api","timestamp":"2025-11-14T21:44:29.544Z"}
{"ip":"::1","level":"info","message":"Rate limit key generated","path":"/","service":"affinity-echo-api","timestamp":"2025-11-14T21:44:59.000Z"}
{"body":{"email":"adminokestra01@yopmail.com","password":"***","username":"GoodLeader42"},"ip":"::1","level":"info","message":"Incoming request","method":"POST","service":"affinity-echo-api","timestamp":"2025-11-14T21:44:59.006Z","url":"/auth/signup","userAgent":"Mozilla/5.0 (Windows NT 10.0; Win64; x64) AppleWebKit/537.36 (KHTML, like Gecko) Chrome/142.0.0.0 Safari/537.36 Edg/142.0.0.0","userId":null}
{"email":"adminokestra01@yopmail.com","level":"info","message":"Signup attempt","service":"affinity-echo-api","timestamp":"2025-11-14T21:44:59.023Z","username":"GoodLeader42"}
{"error":{"code":"42501","details":null,"hint":null,"message":"permission denied for schema public"},"level":"error","message":"Database error during username check","service":"affinity-echo-api","timestamp":"2025-11-14T21:45:00.135Z"}
{"email":"adminokestra01@yopmail.com","level":"info","message":"Creating user profile","service":"affinity-echo-api","timestamp":"2025-11-14T21:45:00.569Z","userId":"1a3841c9-03d8-4114-a1f6-9b1bbd48d2a5","username":"GoodLeader42"}
{"email":"adminokestra01@yopmail.com","errorCode":"42501","errorMessage":"permission denied for schema public","level":"error","message":"Failed to create profile - Full error details","service":"affinity-echo-api","timestamp":"2025-11-14T21:45:00.854Z","userId":"1a3841c9-03d8-4114-a1f6-9b1bbd48d2a5","username":"GoodLeader42"}
{"level":"info","message":"Email sent successfully","messageId":"<217ba250-7c43-24fa-c5a5-d0e09bbe27a6@gmail.com>","service":"affinity-echo-api","subject":"Verify Your Account - Affinity Echo","timestamp":"2025-11-14T21:45:03.472Z","to":"adminokestra01@yopmail.com"}
{"email":"adminokestra01@yopmail.com","level":"info","message":"Signup successful - OTP sent","profileCreated":false,"service":"affinity-echo-api","timestamp":"2025-11-14T21:45:03.476Z","userId":"1a3841c9-03d8-4114-a1f6-9b1bbd48d2a5","username":"GoodLeader42"}
{"duration":"4476ms","ip":"::1","level":"info","message":"Request completed","method":"POST","service":"affinity-echo-api","statusCode":201,"timestamp":"2025-11-14T21:45:03.483Z","url":"/auth/signup"}
{"level":"info","message":"FORTRESS LIVE ON PORT 3000","module":"Bootstrap","service":"affinity-echo-api","timestamp":"2025-11-14T21:59:54.979Z"}
{"level":"info","message":"SWAGGER → http://localhost:3000/docs","module":"Bootstrap","service":"affinity-echo-api","timestamp":"2025-11-14T21:59:54.994Z"}
{"level":"info","message":"HEALTH  → http://localhost:3000/health","module":"Bootstrap","service":"affinity-echo-api","timestamp":"2025-11-14T21:59:54.996Z"}
{"level":"info","message":"FORTRESS LIVE ON PORT 3000","module":"Bootstrap","service":"affinity-echo-api","timestamp":"2025-11-14T22:00:41.950Z"}
{"level":"info","message":"SWAGGER → http://localhost:3000/docs","module":"Bootstrap","service":"affinity-echo-api","timestamp":"2025-11-14T22:00:41.963Z"}
{"level":"info","message":"HEALTH  → http://localhost:3000/health","module":"Bootstrap","service":"affinity-echo-api","timestamp":"2025-11-14T22:00:41.968Z"}
{"ip":"::1","level":"info","message":"Rate limit key generated","path":"/","service":"affinity-echo-api","timestamp":"2025-11-14T22:01:50.558Z"}
{"body":{"email":"adminokestra01@yopmail.com","password":"***","username":"GoodLeader42"},"ip":"::1","level":"info","message":"Incoming request","method":"POST","service":"affinity-echo-api","timestamp":"2025-11-14T22:01:50.562Z","url":"/auth/signup","userAgent":"Mozilla/5.0 (Windows NT 10.0; Win64; x64) AppleWebKit/537.36 (KHTML, like Gecko) Chrome/142.0.0.0 Safari/537.36 Edg/142.0.0.0","userId":null}
{"email":"adminokestra01@yopmail.com","level":"info","message":"Signup attempt","service":"affinity-echo-api","timestamp":"2025-11-14T22:01:50.577Z","username":"GoodLeader42"}
{"error":{"code":"42501","details":null,"hint":null,"message":"permission denied for schema public"},"level":"error","message":"Database error during username check","service":"affinity-echo-api","timestamp":"2025-11-14T22:01:51.871Z"}
{"email":"adminokestra01@yopmail.com","level":"info","message":"Creating user profile","service":"affinity-echo-api","timestamp":"2025-11-14T22:01:52.328Z","userId":"aca69a01-a347-4393-b2c9-454cb95e9765","username":"GoodLeader42"}
{"email":"adminokestra01@yopmail.com","errorCode":"42501","errorMessage":"permission denied for schema public","level":"error","message":"Failed to create profile","service":"affinity-echo-api","timestamp":"2025-11-14T22:01:52.646Z","userId":"aca69a01-a347-4393-b2c9-454cb95e9765","username":"GoodLeader42"}
{"level":"info","message":"Email sent successfully","messageId":"<f204ec1a-fafb-7af5-d896-cae4c26a3092@gmail.com>","service":"affinity-echo-api","subject":"Verify Your Account - Affinity Echo","timestamp":"2025-11-14T22:01:55.394Z","to":"adminokestra01@yopmail.com"}
{"email":"adminokestra01@yopmail.com","level":"info","message":"Signup successful - OTP sent","profileCreated":false,"service":"affinity-echo-api","timestamp":"2025-11-14T22:01:55.399Z","userId":"aca69a01-a347-4393-b2c9-454cb95e9765","username":"GoodLeader42"}
{"duration":"4849ms","ip":"::1","level":"info","message":"Request completed","method":"POST","service":"affinity-echo-api","statusCode":201,"timestamp":"2025-11-14T22:01:55.411Z","url":"/auth/signup"}
{"ip":"::1","level":"info","message":"Rate limit key generated","path":"/","service":"affinity-echo-api","timestamp":"2025-11-14T22:17:29.725Z"}
{"body":{"email":"adminokestra01@yopmail.com","password":"***","username":"GoodLeader42"},"ip":"::1","level":"info","message":"Incoming request","method":"POST","service":"affinity-echo-api","timestamp":"2025-11-14T22:17:29.727Z","url":"/auth/signup","userAgent":"Mozilla/5.0 (Windows NT 10.0; Win64; x64) AppleWebKit/537.36 (KHTML, like Gecko) Chrome/142.0.0.0 Safari/537.36 Edg/142.0.0.0","userId":null}
{"email":"adminokestra01@yopmail.com","level":"info","message":"Signup attempt","service":"affinity-echo-api","timestamp":"2025-11-14T22:17:29.731Z","username":"GoodLeader42"}
{"email":"adminokestra01@yopmail.com","level":"info","message":"Creating user profile","service":"affinity-echo-api","timestamp":"2025-11-14T22:17:31.124Z","userId":"faa99047-8c06-414c-83ca-1008ec3c9eab","username":"GoodLeader42"}
{"email":"adminokestra01@yopmail.com","level":"info","message":"Profile created successfully","profileId":"faa99047-8c06-414c-83ca-1008ec3c9eab","service":"affinity-echo-api","timestamp":"2025-11-14T22:17:31.418Z","userId":"faa99047-8c06-414c-83ca-1008ec3c9eab","username":"GoodLeader42"}
{"level":"info","message":"Email sent successfully","messageId":"<5b07cf1f-64c7-e780-7be3-ccbbb9306a4e@gmail.com>","service":"affinity-echo-api","subject":"Verify Your Account - Affinity Echo","timestamp":"2025-11-14T22:17:33.637Z","to":"adminokestra01@yopmail.com"}
{"email":"adminokestra01@yopmail.com","level":"info","message":"Signup successful - OTP sent","profileCreated":true,"service":"affinity-echo-api","timestamp":"2025-11-14T22:17:33.640Z","userId":"faa99047-8c06-414c-83ca-1008ec3c9eab","username":"GoodLeader42"}
{"duration":"3920ms","ip":"::1","level":"info","message":"Request completed","method":"POST","service":"affinity-echo-api","statusCode":201,"timestamp":"2025-11-14T22:17:33.646Z","url":"/auth/signup"}
{"ip":"::1","level":"info","message":"Rate limit key generated","path":"/","service":"affinity-echo-api","timestamp":"2025-11-14T22:18:03.909Z"}
{"body":{"email":"adminokestra01@yopmail.com","token":"***"},"ip":"::1","level":"info","message":"Incoming request","method":"POST","service":"affinity-echo-api","timestamp":"2025-11-14T22:18:03.916Z","url":"/auth/otp/verify","userAgent":"Mozilla/5.0 (Windows NT 10.0; Win64; x64) AppleWebKit/537.36 (KHTML, like Gecko) Chrome/142.0.0.0 Safari/537.36 Edg/142.0.0.0","userId":null}
{"email":"adminokestra01@yopmail.com","level":"info","message":"OTP verification attempt","service":"affinity-echo-api","timestamp":"2025-11-14T22:18:03.978Z"}
{"email":"adminokestra01@yopmail.com","level":"info","message":"Ensuring profile exists","service":"affinity-echo-api","timestamp":"2025-11-14T22:18:05.077Z","userId":"edb012f7-b85f-4d29-8ebf-9b95dcf40bf7"}
{"level":"info","message":"Generated username","service":"affinity-echo-api","timestamp":"2025-11-14T22:18:05.355Z","username":"RisingBuilder1340"}
{"email":"adminokestra01@yopmail.com","level":"info","message":"Creating user profile","service":"affinity-echo-api","timestamp":"2025-11-14T22:18:05.356Z","userId":"edb012f7-b85f-4d29-8ebf-9b95dcf40bf7","username":"RisingBuilder1340"}
{"email":"adminokestra01@yopmail.com","level":"info","message":"Profile created successfully","profileId":"edb012f7-b85f-4d29-8ebf-9b95dcf40bf7","service":"affinity-echo-api","timestamp":"2025-11-14T22:18:05.628Z","userId":"edb012f7-b85f-4d29-8ebf-9b95dcf40bf7","username":"RisingBuilder1340"}
{"email":"adminokestra01@yopmail.com","level":"info","message":"Auto-created profile during login","profileCreated":true,"service":"affinity-echo-api","timestamp":"2025-11-14T22:18:05.629Z","userId":"edb012f7-b85f-4d29-8ebf-9b95dcf40bf7","username":"RisingBuilder1340"}
{"level":"info","message":"Email sent successfully","messageId":"<c409911f-02c7-e883-370f-3ca3a15c0807@gmail.com>","service":"affinity-echo-api","subject":"Welcome to Affinity Echo!","timestamp":"2025-11-14T22:18:07.435Z","to":"adminokestra01@yopmail.com"}
{"email":"adminokestra01@yopmail.com","level":"info","message":"OTP verified and email confirmed","profileExists":true,"service":"affinity-echo-api","timestamp":"2025-11-14T22:18:07.435Z","userId":"edb012f7-b85f-4d29-8ebf-9b95dcf40bf7"}
{"email":"adminokestra01@yopmail.com","level":"info","message":"Tokens generated successfully","service":"affinity-echo-api","timestamp":"2025-11-14T22:18:07.447Z","userId":"edb012f7-b85f-4d29-8ebf-9b95dcf40bf7"}
{"duration":"3532ms","ip":"::1","level":"info","message":"Request completed","method":"POST","service":"affinity-echo-api","statusCode":201,"timestamp":"2025-11-14T22:18:07.448Z","url":"/auth/otp/verify"}
{"ip":"::1","level":"info","message":"Rate limit key generated","path":"/","service":"affinity-echo-api","timestamp":"2025-11-14T22:19:04.769Z"}
{"email":"adminokestra01@yopmail.com","level":"info","message":"🔐 JWT Strategy - Validating payload","service":"affinity-echo-api","sub":"edb012f7-b85f-4d29-8ebf-9b95dcf40bf7","timestamp":"2025-11-14T22:19:04.781Z"}
{"email":"adminokestra01@yopmail.com","level":"info","message":"✅ JWT validation successful","service":"affinity-echo-api","timestamp":"2025-11-14T22:19:05.415Z","userId":"edb012f7-b85f-4d29-8ebf-9b95dcf40bf7","username":"RisingBuilder1340"}
{"ip":"::1","level":"info","message":"Incoming request","method":"GET","service":"affinity-echo-api","timestamp":"2025-11-14T22:19:05.421Z","url":"/auth/me","userAgent":"Mozilla/5.0 (Windows NT 10.0; Win64; x64) AppleWebKit/537.36 (KHTML, like Gecko) Chrome/142.0.0.0 Safari/537.36 Edg/142.0.0.0","userId":"edb012f7-b85f-4d29-8ebf-9b95dcf40bf7"}
{"level":"info","message":"Fetching current user","service":"affinity-echo-api","timestamp":"2025-11-14T22:19:05.424Z","userId":"edb012f7-b85f-4d29-8ebf-9b95dcf40bf7"}
{"error":"Cannot coerce the result to a single JSON object","level":"warn","message":"User profile not found","service":"affinity-echo-api","timestamp":"2025-11-14T22:19:05.718Z","userId":"edb012f7-b85f-4d29-8ebf-9b95dcf40bf7"}
{"level":"warn","message":"Client Error User profile not found","method":"GET","path":"/auth/me","service":"affinity-echo-api","statusCode":401,"timestamp":"2025-11-14T22:19:05.720Z"}
